[2026-08-24 19:25:49] auto_fetch start out=/data/data/com.termux/files/home/Keirin-EV-Tool/scraper/data scraper=/data/data/com.termux/files/home/Keirin-EV-Tool/scraper jobs=30
[2026-08-24 19:25:49] progress done=0/30 pending=30 next=20260824 jo=12 R1
[2026-08-24 20:01:41] ALL JOBS DONE
[2026-08-27 11:48:45] auto_fetch start out=/data/data/com.termux/files/home/Keirin-EV-Tool/scraper/data scraper=/data/data/com.termux/files/home/Keirin-EV-Tool/scraper jobs=96
[2026-08-27 11:48:45] progress done=0/96 pending=96 next=20260826 jo=12 R1
[2026-08-27 13:21:01] ALL JOBS DONE
[2026-08-27 15:50:08] auto_fetch start out=/data/data/com.termux/files/home/Keirin-EV-Tool/scraper/data scraper=/data/data/com.termux/files/home/Keirin-EV-Tool/scraper jobs=108
[2026-08-27 15:50:08] progress done=0/108 pending=108 next=20260825 jo=12 R1
[2026-08-27 17:14:00] ALL JOBS DONE
[2026-08-27 18:33:04] auto_fetch start out=/data/data/com.termux/files/home/Keirin-EV-Tool/scraper/data scraper=/data/data/com.termux/files/home/Keirin-EV-Tool/scraper jobs=108
[2026-08-27 18:33:04] progress done=108/108 pending=0 next=None
[2026-08-27 18:33:04] ALL JOBS DONE
[2026-08-27 18:59:51] auto_fetch start out=/data/data/com.termux/files/home/Keirin-EV-Tool/scraper/data scraper=/data/data/com.termux/files/home/Keirin-EV-Tool/scraper jobs=108
[2026-08-27 18:59:51] progress done=108/108 pending=0 next=None
[2026-08-27 18:59:51] ALL JOBS DONE
[2026-08-27 19:19:17] auto_fetch start out=/data/data/com.termux/files/home/Keirin-EV-Tool/scraper/data scraper=/data/data/com.termux/files/home/Keirin-EV-Tool/scraper jobs=108
[2026-08-27 19:19:18] progress done=108/108 pending=0 next=None
[2026-08-27 19:19:18] ALL JOBS DONE
[2026-08-27 19:40:06] auto_fetch start out=/data/data/com.termux/files/home/Keirin-EV-Tool/scraper/data scraper=/data/data/com.termux/files/home/Keirin-EV-Tool/scraper jobs=108
[2026-08-27 19:40:06] progress done=108/108 pending=0 next=None
[2026-08-27 19:40:06] ALL JOBS DONE
[2026-08-27 20:17:13] auto_fetch start out=/data/data/com.termux/files/home/Keirin-EV-Tool/scraper/data scraper=/data/data/com.termux/files/home/Keirin-EV-Tool/scraper jobs=96
[2026-08-27 20:17:13] progress done=96/96 pending=0 next=None
[2026-08-27 20:17:13] ALL JOBS DONE
[2026-08-28 09:33:40] auto_fetch start out=/data/data/com.termux/files/home/Keirin-EV-Tool/scraper/data scraper=/data/data/com.termux/files/home/Keirin-EV-Tool/scraper jobs=96
[2026-08-28 09:33:40] progress done=0/96 pending=96 next=20260827 jo=22 R1
[2026-08-28 11:11:26] ALL JOBS DONE
[2026-08-28 17:50:49] auto_fetch start out=/data/data/com.termux/files/home/Keirin-EV-Tool/scraper/data scraper=/data/data/com.termux/files/home/Keirin-EV-Tool/scraper jobs=96
[2026-08-28 17:50:49] progress done=30/96 pending=66 next=20260824 jo=28 R7
[2026-08-28 17:51:31] 取得 20260824 jo=28 R7 (code=0) → 進捗 31/96件完了
[2026-08-28 17:52:23] 取得 20260824 jo=28 R8 (code=0) → 進捗 32/96件完了
[2026-08-28 17:53:09] 取得 20260824 jo=28 R9 (code=0) → 進捗 33/96件完了
[2026-08-28 17:53:56] 取得 20260824 jo=28 R10 (code=0) → 進捗 34/96件完了
[2026-08-28 17:54:43] 取得 20260824 jo=28 R11 (code=0) → 進捗 35/96件完了
[2026-08-28 17:55:26] 取得 20260824 jo=28 R12 (code=0) → 進捗 36/96件完了
[2026-08-28 17:56:09] 取得 20260824 jo=31 R1 (code=0) → 進捗 37/96件完了
[2026-08-28 17:56:48] 取得 20260824 jo=31 R2 (code=0) → 進捗 38/96件完了
[2026-08-28 17:57:28] 取得 20260824 jo=31 R3 (code=0) → 進捗 39/96件完了
[2026-08-28 17:58:14] 取得 20260824 jo=31 R4 (code=0) → 進捗 40/96件完了
[2026-08-28 17:59:05] 取得 20260824 jo=31 R5 (code=0) → 進捗 41/96件完了
[2026-08-28 18:00:03] 取得 20260824 jo=31 R6 (code=0) → 進捗 42/96件完了
[2026-08-28 18:00:52] 取得 20260824 jo=31 R7 (code=0) → 進捗 43/96件完了
[2026-08-28 18:01:41] 取得 20260824 jo=31 R8 (code=0) → 進捗 44/96件完了
[2026-08-28 18:02:27] 取得 20260824 jo=31 R9 (code=0) → 進捗 45/96件完了
[2026-08-28 18:03:23] 取得 20260824 jo=31 R10 (code=0) → 進捗 46/96件完了
[2026-08-28 18:04:58] 取得 20260824 jo=31 R11 (code=0) → 進捗 47/96件完了
[2026-08-28 18:06:29] 取得 20260824 jo=31 R12 (code=0) → 進捗 48/96件完了
[2026-08-28 18:07:12] 取得 20260824 jo=43 R1 (code=0) → 進捗 49/96件完了
[2026-08-28 18:07:52] 取得 20260824 jo=43 R2 (code=0) → 進捗 50/96件完了
[2026-08-28 18:08:34] 取得 20260824 jo=43 R3 (code=0) → 進捗 51/96件完了
[2026-08-28 18:09:20] 取得 20260824 jo=43 R4 (code=0) → 進捗 52/96件完了
[2026-08-28 18:10:05] 取得 20260824 jo=43 R5 (code=0) → 進捗 53/96件完了
[2026-08-28 18:10:46] 取得 20260824 jo=43 R6 (code=0) → 進捗 54/96件完了
[2026-08-28 18:11:29] 取得 20260824 jo=43 R7 (code=0) → 進捗 55/96件完了
[2026-08-28 18:12:11] 取得 20260824 jo=43 R8 (code=0) → 進捗 56/96件完了
[2026-08-28 18:12:56] 取得 20260824 jo=43 R9 (code=0) → 進捗 57/96件完了
[2026-08-28 18:13:39] 取得 20260824 jo=43 R10 (code=0) → 進捗 58/96件完了
[2026-08-28 18:14:23] 取得 20260824 jo=43 R11 (code=0) → 進捗 59/96件完了
[2026-08-28 18:15:06] 取得 20260824 jo=43 R12 (code=0) → 進捗 60/96件完了
[2026-08-28 18:15:51] 取得 20260824 jo=55 R1 (code=0) → 進捗 61/96件完了
[2026-08-28 18:16:32] 取得 20260824 jo=55 R2 (code=0) → 進捗 62/96件完了
[2026-08-28 18:17:15] 取得 20260824 jo=55 R3 (code=0) → 進捗 63/96件完了
[2026-08-28 18:17:58] 取得 20260824 jo=55 R4 (code=0) → 進捗 64/96件完了
[2026-08-28 18:18:45] 取得 20260824 jo=55 R5 (code=0) → 進捗 65/96件完了
[2026-08-28 18:19:30] 取得 20260824 jo=55 R6 (code=0) → 進捗 66/96件完了
[2026-08-28 18:20:12] 取得 20260824 jo=55 R7 (code=0) → 進捗 67/96件完了
[2026-08-28 18:20:55] 取得 20260824 jo=55 R8 (code=0) → 進捗 68/96件完了
[2026-08-28 18:21:37] 取得 20260824 jo=55 R9 (code=0) → 進捗 69/96件完了
[2026-08-28 18:22:15] 取得 20260824 jo=55 R10 (code=0) → 進捗 70/96件完了
[2026-08-28 18:22:55] 取得 20260824 jo=55 R11 (code=0) → 進捗 71/96件完了
[2026-08-28 18:23:42] 取得 20260824 jo=55 R12 (code=0) → 進捗 72/96件完了
[2026-08-28 18:24:24] 取得 20260824 jo=63 R1 (code=0) → 進捗 73/96件完了
[2026-08-28 18:25:08] 取得 20260824 jo=63 R2 (code=0) → 進捗 74/96件完了
[2026-08-28 18:25:50] 取得 20260824 jo=63 R3 (code=0) → 進捗 75/96件完了
[2026-08-28 18:26:35] 取得 20260824 jo=63 R4 (code=0) → 進捗 76/96件完了
[2026-08-28 18:27:19] 取得 20260824 jo=63 R5 (code=0) → 進捗 77/96件完了
[2026-08-28 18:28:00] 取得 20260824 jo=63 R6 (code=0) → 進捗 78/96件完了
[2026-08-28 18:28:41] 取得 20260824 jo=63 R7 (code=0) → 進捗 79/96件完了
[2026-08-28 18:29:24] 取得 20260824 jo=63 R8 (code=0) → 進捗 80/96件完了
[2026-08-28 18:30:07] 取得 20260824 jo=63 R9 (code=0) → 進捗 81/96件完了
[2026-08-28 18:30:48] 取得 20260824 jo=63 R10 (code=0) → 進捗 82/96件完了
[2026-08-28 18:31:35] 取得 20260824 jo=63 R11 (code=0) → 進捗 83/96件完了
[2026-08-28 18:32:20] 取得 20260824 jo=63 R12 (code=0) → 進捗 84/96件完了
[2026-08-28 18:33:00] 取得 20260824 jo=87 R1 (code=0) → 進捗 85/96件完了
[2026-08-28 18:33:48] 取得 20260824 jo=87 R2 (code=0) → 進捗 86/96件完了
[2026-08-28 18:34:36] 取得 20260824 jo=87 R3 (code=0) → 進捗 87/96件完了
[2026-08-28 18:35:17] 取得 20260824 jo=87 R4 (code=0) → 進捗 88/96件完了
[2026-08-28 18:36:03] 取得 20260824 jo=87 R5 (code=0) → 進捗 89/96件完了
[2026-08-28 18:36:47] 取得 20260824 jo=87 R6 (code=0) → 進捗 90/96件完了
[2026-08-28 18:37:35] 取得 20260824 jo=87 R7 (code=0) → 進捗 91/96件完了
[2026-08-28 18:38:18] 取得 20260824 jo=87 R8 (code=0) → 進捗 92/96件完了
[2026-08-28 18:39:04] 取得 20260824 jo=87 R9 (code=0) → 進捗 93/96件完了
[2026-08-28 18:39:51] 取得 20260824 jo=87 R10 (code=0) → 進捗 94/96件完了
[2026-08-28 18:40:35] 取得 20260824 jo=87 R11 (code=0) → 進捗 95/96件完了
[2026-08-28 18:41:22] 取得 20260824 jo=87 R12 (code=0) → 進捗 96/96件完了
[2026-08-28 18:41:23] ALL JOBS DONE
[2026-08-28 20:32:14] auto_fetch start out=/data/data/com.termux/files/home/Keirin-EV-Tool/scraper/data scraper=/data/data/com.termux/files/home/Keirin-EV-Tool/scraper jobs=96
[2026-08-28 20:32:14] progress done=0/96 pending=96 next=20260823 jo=26 R1
[2026-08-28 20:32:56] 取得 20260823 jo=26 R1 (code=0) → 進捗 1/96件完了
[2026-08-28 20:33:41] 取得 20260823 jo=26 R2 (code=0) → 進捗 2/96件完了
[2026-08-28 20:34:21] 取得 20260823 jo=26 R3 (code=0) → 進捗 3/96件完了
[2026-08-28 20:35:06] 取得 20260823 jo=26 R4 (code=0) → 進捗 4/96件完了
[2026-08-28 20:35:50] 取得 20260823 jo=26 R5 (code=0) → 進捗 5/96件完了
[2026-08-28 20:36:33] 取得 20260823 jo=26 R6 (code=0) → 進捗 6/96件完了
[2026-08-28 20:37:15] 取得 20260823 jo=26 R7 (code=0) → 進捗 7/96件完了
[2026-08-28 20:37:57] 取得 20260823 jo=26 R8 (code=0) → 進捗 8/96件完了
[2026-08-28 20:38:42] 取得 20260823 jo=26 R9 (code=0) → 進捗 9/96件完了
[2026-08-28 20:39:25] 取得 20260823 jo=26 R10 (code=0) → 進捗 10/96件完了
[2026-08-28 20:40:06] 取得 20260823 jo=26 R11 (code=0) → 進捗 11/96件完了
[2026-08-28 20:40:52] 取得 20260823 jo=26 R12 (code=0) → 進捗 12/96件完了
[2026-08-28 20:41:36] 取得 20260823 jo=28 R1 (code=0) → 進捗 13/96件完了
[2026-08-28 20:42:32] 取得 20260823 jo=28 R2 (code=0) → 進捗 14/96件完了
[2026-08-28 20:43:19] 取得 20260823 jo=28 R3 (code=0) → 進捗 15/96件完了
[2026-08-28 20:44:03] 取得 20260823 jo=28 R4 (code=0) → 進捗 16/96件完了
[2026-08-28 20:44:50] 取得 20260823 jo=28 R5 (code=0) → 進捗 17/96件完了
[2026-08-28 20:45:33] 取得 20260823 jo=28 R6 (code=0) → 進捗 18/96件完了
[2026-08-28 20:46:14] 取得 20260823 jo=28 R7 (code=0) → 進捗 19/96件完了
[2026-08-28 20:47:04] 取得 20260823 jo=28 R8 (code=0) → 進捗 20/96件完了
[2026-08-28 20:47:48] 取得 20260823 jo=28 R9 (code=0) → 進捗 21/96件完了
[2026-08-28 20:48:37] 取得 20260823 jo=28 R10 (code=0) → 進捗 22/96件完了
[2026-08-28 20:49:26] 取得 20260823 jo=28 R11 (code=0) → 進捗 23/96件完了
[2026-08-28 20:50:16] 取得 20260823 jo=28 R12 (code=0) → 進捗 24/96件完了
[2026-08-28 20:51:00] 取得 20260823 jo=31 R1 (code=0) → 進捗 25/96件完了
[2026-08-28 20:51:43] 取得 20260823 jo=31 R2 (code=0) → 進捗 26/96件完了
[2026-08-28 20:52:37] 取得 20260823 jo=31 R3 (code=0) → 進捗 27/96件完了
[2026-08-28 20:53:20] 取得 20260823 jo=31 R4 (code=0) → 進捗 28/96件完了
[2026-08-28 20:54:08] 取得 20260823 jo=31 R5 (code=0) → 進捗 29/96件完了
[2026-08-28 20:55:01] 取得 20260823 jo=31 R6 (code=0) → 進捗 30/96件完了
[2026-08-28 20:55:44] 取得 20260823 jo=31 R7 (code=0) → 進捗 31/96件完了
[2026-08-28 20:56:32] 取得 20260823 jo=31 R8 (code=0) → 進捗 32/96件完了
[2026-08-28 20:57:19] 取得 20260823 jo=31 R9 (code=0) → 進捗 33/96件完了
[2026-08-28 20:58:08] 取得 20260823 jo=31 R10 (code=0) → 進捗 34/96件完了
[2026-08-28 20:58:53] 取得 20260823 jo=31 R11 (code=0) → 進捗 35/96件完了
[2026-08-28 20:59:41] 取得 20260823 jo=31 R12 (code=0) → 進捗 36/96件完了
[2026-08-28 21:00:27] 取得 20260823 jo=44 R1 (code=0) → 進捗 37/96件完了
[2026-08-28 21:01:18] 取得 20260823 jo=44 R2 (code=0) → 進捗 38/96件完了
[2026-08-28 21:02:05] 取得 20260823 jo=44 R3 (code=0) → 進捗 39/96件完了
[2026-08-28 21:02:48] 取得 20260823 jo=44 R4 (code=0) → 進捗 40/96件完了
[2026-08-28 21:03:24] 取得 20260823 jo=44 R5 (code=0) → 進捗 41/96件完了
[2026-08-28 21:04:09] 取得 20260823 jo=44 R6 (code=0) → 進捗 42/96件完了
[2026-08-28 21:04:57] 取得 20260823 jo=44 R7 (code=0) → 進捗 43/96件完了
[2026-08-28 21:05:44] 取得 20260823 jo=44 R8 (code=0) → 進捗 44/96件完了
[2026-08-28 21:06:27] 取得 20260823 jo=44 R9 (code=0) → 進捗 45/96件完了
[2026-08-28 21:07:17] 取得 20260823 jo=44 R10 (code=0) → 進捗 46/96件完了
[2026-08-28 21:08:07] 取得 20260823 jo=44 R11 (code=0) → 進捗 47/96件完了
[2026-08-28 21:08:58] 取得 20260823 jo=44 R12 (code=0) → 進捗 48/96件完了
[2026-08-28 21:09:40] 取得 20260823 jo=55 R1 (code=0) → 進捗 49/96件完了
[2026-08-28 21:10:23] 取得 20260823 jo=55 R2 (code=0) → 進捗 50/96件完了
[2026-08-28 21:11:06] 取得 20260823 jo=55 R3 (code=0) → 進捗 51/96件完了
[2026-08-28 21:11:44] 取得 20260823 jo=55 R4 (code=0) → 進捗 52/96件完了
[2026-08-28 21:12:27] 取得 20260823 jo=55 R5 (code=0) → 進捗 53/96件完了
[2026-08-28 21:13:11] 取得 20260823 jo=55 R6 (code=0) → 進捗 54/96件完了
[2026-08-28 21:14:01] 取得 20260823 jo=55 R7 (code=0) → 進捗 55/96件完了
[2026-08-28 21:14:47] 取得 20260823 jo=55 R8 (code=0) → 進捗 56/96件完了
[2026-08-28 21:15:33] 取得 20260823 jo=55 R9 (code=0) → 進捗 57/96件完了
[2026-08-28 21:16:16] 取得 20260823 jo=55 R10 (code=0) → 進捗 58/96件完了
[2026-08-28 21:17:01] 取得 20260823 jo=55 R11 (code=0) → 進捗 59/96件完了
[2026-08-28 21:17:49] 取得 20260823 jo=55 R12 (code=0) → 進捗 60/96件完了
[2026-08-28 21:18:34] 取得 20260823 jo=63 R1 (code=0) → 進捗 61/96件完了
[2026-08-28 21:19:18] 取得 20260823 jo=63 R2 (code=0) → 進捗 62/96件完了
[2026-08-28 21:20:00] 取得 20260823 jo=63 R3 (code=0) → 進捗 63/96件完了
[2026-08-28 21:20:40] 取得 20260823 jo=63 R4 (code=0) → 進捗 64/96件完了
[2026-08-28 21:21:21] 取得 20260823 jo=63 R5 (code=0) → 進捗 65/96件完了
[2026-08-28 21:22:03] 取得 20260823 jo=63 R6 (code=0) → 進捗 66/96件完了
[2026-08-28 21:22:44] 取得 20260823 jo=63 R7 (code=0) → 進捗 67/96件完了
[2026-08-28 21:23:32] 取得 20260823 jo=63 R8 (code=0) → 進捗 68/96件完了
[2026-08-28 21:24:13] 取得 20260823 jo=63 R9 (code=0) → 進捗 69/96件完了
[2026-08-28 21:25:02] 取得 20260823 jo=63 R10 (code=0) → 進捗 70/96件完了
[2026-08-28 21:25:48] 取得 20260823 jo=63 R11 (code=0) → 進捗 71/96件完了
[2026-08-28 21:26:31] 取得 20260823 jo=63 R12 (code=0) → 進捗 72/96件完了
[2026-08-28 21:27:09] 取得 20260823 jo=75 R1 (code=0) → 進捗 73/96件完了
[2026-08-28 21:27:51] 取得 20260823 jo=75 R2 (code=0) → 進捗 74/96件完了
[2026-08-28 21:28:31] 取得 20260823 jo=75 R3 (code=0) → 進捗 75/96件完了
[2026-08-28 21:29:13] 取得 20260823 jo=75 R4 (code=0) → 進捗 76/96件完了
[2026-08-28 21:29:55] 取得 20260823 jo=75 R5 (code=0) → 進捗 77/96件完了
[2026-08-28 21:30:39] 取得 20260823 jo=75 R6 (code=0) → 進捗 78/96件完了
[2026-08-28 21:31:21] 取得 20260823 jo=75 R7 (code=0) → 進捗 79/96件完了
[2026-08-28 21:32:04] 取得 20260823 jo=75 R8 (code=0) → 進捗 80/96件完了
[2026-08-28 21:32:45] 取得 20260823 jo=75 R9 (code=0) → 進捗 81/96件完了
[2026-08-28 21:33:34] 取得 20260823 jo=75 R10 (code=0) → 進捗 82/96件完了
[2026-08-28 21:34:23] 取得 20260823 jo=75 R11 (code=0) → 進捗 83/96件完了
[2026-08-28 21:35:22] 取得 20260823 jo=75 R12 (code=0) → 進捗 84/96件完了
[2026-08-28 21:36:15] 取得 20260823 jo=84 R1 (code=0) → 進捗 85/96件完了
[2026-08-28 21:37:01] 取得 20260823 jo=84 R2 (code=0) → 進捗 86/96件完了
[2026-08-28 21:37:40] 取得 20260823 jo=84 R3 (code=0) → 進捗 87/96件完了
[2026-08-28 21:38:28] 取得 20260823 jo=84 R4 (code=0) → 進捗 88/96件完了
[2026-08-28 21:39:13] 取得 20260823 jo=84 R5 (code=0) → 進捗 89/96件完了
[2026-08-28 21:39:57] 取得 20260823 jo=84 R6 (code=0) → 進捗 90/96件完了
[2026-08-28 21:40:40] 取得 20260823 jo=84 R7 (code=0) → 進捗 91/96件完了
[2026-08-28 21:41:26] 取得 20260823 jo=84 R8 (code=0) → 進捗 92/96件完了
[2026-08-28 21:42:11] 取得 20260823 jo=84 R9 (code=0) → 進捗 93/96件完了
[2026-08-28 21:42:51] 取得 20260823 jo=84 R10 (code=0) → 進捗 94/96件完了
[2026-08-28 21:43:40] 取得 20260823 jo=84 R11 (code=0) → 進捗 95/96件完了
[2026-08-28 21:44:26] 取得 20260823 jo=84 R12 (code=0) → 進捗 96/96件完了
[2026-08-28 21:44:27] ALL JOBS DONE
[2026-08-28 23:52:33] auto_fetch start out=/data/data/com.termux/files/home/Keirin-EV-Tool/scraper/data scraper=/data/data/com.termux/files/home/Keirin-EV-Tool/scraper jobs=108
[2026-08-28 23:52:33] progress done=0/108 pending=108 next=20260822 jo=26 R1
[2026-08-28 23:53:33] 取得 20260822 jo=26 R1 (code=0) → 進捗 1/108件完了
[2026-08-28 23:54:45] 取得 20260822 jo=26 R2 (code=0) → 進捗 2/108件完了
[2026-08-28 23:56:51] 取得 20260822 jo=26 R3 (code=0) → 進捗 3/108件完了
[2026-08-28 23:58:30] 取得 20260822 jo=26 R4 (code=0) → 進捗 4/108件完了
[2026-08-29 00:00:18] 取得 20260822 jo=26 R5 (code=0) → 進捗 5/108件完了
[2026-08-29 00:01:09] 取得 20260822 jo=26 R6 (code=0) → 進捗 6/108件完了
[2026-08-29 00:01:53] 取得 20260822 jo=26 R7 (code=0) → 進捗 7/108件完了
[2026-08-29 00:02:34] 取得 20260822 jo=26 R8 (code=0) → 進捗 8/108件完了
[2026-08-29 00:03:16] 取得 20260822 jo=26 R9 (code=0) → 進捗 9/108件完了
[2026-08-29 00:04:34] 取得 20260822 jo=26 R10 (code=0) → 進捗 10/108件完了
[2026-08-29 00:05:39] 取得 20260822 jo=26 R11 (code=0) → 進捗 11/108件完了
[2026-08-29 00:06:29] 取得 20260822 jo=26 R12 (code=0) → 進捗 12/108件完了
[2026-08-29 00:07:57] 取得 20260822 jo=28 R1 (code=0) → 進捗 13/108件完了
[2026-08-29 00:10:25] 取得 20260822 jo=28 R2 (code=0) → 進捗 14/108件完了
[2026-08-29 00:11:44] 取得 20260822 jo=28 R3 (code=0) → 進捗 15/108件完了
[2026-08-29 00:14:03] 取得 20260822 jo=28 R4 (code=0) → 進捗 16/108件完了
[2026-08-29 00:16:03] 取得 20260822 jo=28 R5 (code=0) → 進捗 17/108件完了
[2026-08-29 00:18:43] 取得 20260822 jo=28 R6 (code=0) → 進捗 18/108件完了
[2026-08-29 00:20:01] 取得 20260822 jo=28 R7 (code=0) → 進捗 19/108件完了
[2026-08-29 00:21:27] 取得 20260822 jo=28 R8 (code=0) → 進捗 20/108件完了
[2026-08-29 00:22:30] 取得 20260822 jo=28 R9 (code=0) → 進捗 21/108件完了
[2026-08-29 00:24:13] 取得 20260822 jo=28 R10 (code=0) → 進捗 22/108件完了
[2026-08-29 00:25:58] 取得 20260822 jo=28 R11 (code=0) → 進捗 23/108件完了
[2026-08-29 00:27:35] 取得 20260822 jo=28 R12 (code=0) → 進捗 24/108件完了
[2026-08-29 00:29:35] 取得 20260822 jo=31 R1 (code=0) → 進捗 25/108件完了
[2026-08-29 00:31:55] 取得 20260822 jo=31 R2 (code=0) → 進捗 26/108件完了
[2026-08-29 00:33:43] 取得 20260822 jo=31 R3 (code=0) → 進捗 27/108件完了
[2026-08-29 00:35:42] 取得 20260822 jo=31 R4 (code=0) → 進捗 28/108件完了
[2026-08-29 00:37:30] 取得 20260822 jo=31 R5 (code=0) → 進捗 29/108件完了
[2026-08-29 00:39:56] 取得 20260822 jo=31 R6 (code=0) → 進捗 30/108件完了
[2026-08-29 00:41:54] 取得 20260822 jo=31 R7 (code=0) → 進捗 31/108件完了
[2026-08-29 00:44:13] 取得 20260822 jo=31 R8 (code=0) → 進捗 32/108件完了
[2026-08-29 00:45:18] 取得 20260822 jo=31 R9 (code=0) → 進捗 33/108件完了
[2026-08-29 00:47:38] 取得 20260822 jo=31 R10 (code=0) → 進捗 34/108件完了
[2026-08-29 00:49:00] 取得 20260822 jo=31 R11 (code=0) → 進捗 35/108件完了
[2026-08-29 00:52:01] 取得 20260822 jo=31 R12 (code=0) → 進捗 36/108件完了
[2026-08-29 00:52:59] 取得 20260822 jo=44 R1 (code=0) → 進捗 37/108件完了
[2026-08-29 00:54:38] 取得 20260822 jo=44 R2 (code=0) → 進捗 38/108件完了
[2026-08-29 00:55:22] 取得 20260822 jo=44 R3 (code=0) → 進捗 39/108件完了
[2026-08-29 00:56:04] 取得 20260822 jo=44 R4 (code=0) → 進捗 40/108件完了
[2026-08-29 00:57:20] 取得 20260822 jo=44 R5 (code=0) → 進捗 41/108件完了
[2026-08-29 00:59:48] 取得 20260822 jo=44 R6 (code=0) → 進捗 42/108件完了
[2026-08-29 01:01:21] 取得 20260822 jo=44 R7 (code=0) → 進捗 43/108件完了
[2026-08-29 01:03:24] 取得 20260822 jo=44 R8 (code=0) → 進捗 44/108件完了
[2026-08-29 01:05:13] 取得 20260822 jo=44 R9 (code=0) → 進捗 45/108件完了
[2026-08-29 01:07:02] 取得 20260822 jo=44 R10 (code=0) → 進捗 46/108件完了
[2026-08-29 01:08:58] 取得 20260822 jo=44 R11 (code=0) → 進捗 47/108件完了
[2026-08-29 01:10:41] 取得 20260822 jo=44 R12 (code=0) → 進捗 48/108件完了
[2026-08-29 01:13:57] 取得 20260822 jo=46 R1 (code=0) → 進捗 49/108件完了
[2026-08-29 01:15:36] 取得 20260822 jo=46 R2 (code=0) → 進捗 50/108件完了
[2026-08-29 01:17:19] 取得 20260822 jo=46 R3 (code=0) → 進捗 51/108件完了
[2026-08-29 01:19:43] 取得 20260822 jo=46 R4 (code=0) → 進捗 52/108件完了
[2026-08-29 01:21:55] 取得 20260822 jo=46 R5 (code=0) → 進捗 53/108件完了
[2026-08-29 01:24:01] 取得 20260822 jo=46 R6 (code=0) → 進捗 54/108件完了
[2026-08-29 01:25:40] 取得 20260822 jo=46 R7 (code=0) → 進捗 55/108件完了
[2026-08-29 01:26:25] 取得 20260822 jo=46 R8 (code=0) → 進捗 56/108件完了
[2026-08-29 01:27:10] 取得 20260822 jo=46 R9 (code=0) → 進捗 57/108件完了
[2026-08-29 01:28:37] 取得 20260822 jo=46 R10 (code=0) → 進捗 58/108件完了
[2026-08-29 01:30:32] 取得 20260822 jo=46 R11 (code=0) → 進捗 59/108件完了
[2026-08-29 01:31:45] 取得 20260822 jo=46 R12 (code=0) → 進捗 60/108件完了
[2026-08-29 01:33:09] 取得 20260822 jo=53 R1 (code=0) → 進捗 61/108件完了
[2026-08-29 01:33:48] 取得 20260822 jo=53 R2 (code=0) → 進捗 62/108件完了
[2026-08-29 01:34:35] 取得 20260822 jo=53 R3 (code=0) → 進捗 63/108件完了
[2026-08-29 01:35:42] 取得 20260822 jo=53 R4 (code=0) → 進捗 64/108件完了
[2026-08-29 01:37:15] 取得 20260822 jo=53 R5 (code=0) → 進捗 65/108件完了
[2026-08-29 01:38:41] 取得 20260822 jo=53 R6 (code=0) → 進捗 66/108件完了
[2026-08-29 01:39:53] 取得 20260822 jo=53 R7 (code=0) → 進捗 67/108件完了
[2026-08-29 01:40:37] 取得 20260822 jo=53 R8 (code=0) → 進捗 68/108件完了
[2026-08-29 01:41:19] 取得 20260822 jo=53 R9 (code=0) → 進捗 69/108件完了
[2026-08-29 01:42:12] 取得 20260822 jo=53 R10 (code=0) → 進捗 70/108件完了
[2026-08-29 01:43:54] 取得 20260822 jo=53 R11 (code=0) → 進捗 71/108件完了
[2026-08-29 01:44:51] 取得 20260822 jo=53 R12 (code=0) → 進捗 72/108件完了
[2026-08-29 01:46:01] 取得 20260822 jo=61 R1 (code=0) → 進捗 73/108件完了
[2026-08-29 01:47:05] 取得 20260822 jo=61 R2 (code=0) → 進捗 74/108件完了
[2026-08-29 01:49:04] 取得 20260822 jo=61 R3 (code=0) → 進捗 75/108件完了
[2026-08-29 01:50:43] 取得 20260822 jo=61 R4 (code=0) → 進捗 76/108件完了
[2026-08-29 01:51:59] 取得 20260822 jo=61 R5 (code=0) → 進捗 77/108件完了
[2026-08-29 01:53:51] 取得 20260822 jo=61 R6 (code=0) → 進捗 78/108件完了
[2026-08-29 01:54:49] 取得 20260822 jo=61 R7 (code=0) → 進捗 79/108件完了
[2026-08-29 01:55:41] 取得 20260822 jo=61 R8 (code=0) → 進捗 80/108件完了
[2026-08-29 01:57:08] 取得 20260822 jo=61 R9 (code=0) → 進捗 81/108件完了
[2026-08-29 01:59:01] 取得 20260822 jo=61 R10 (code=0) → 進捗 82/108件完了
[2026-08-29 02:00:10] 取得 20260822 jo=61 R11 (code=0) → 進捗 83/108件完了
[2026-08-29 02:00:59] 取得 20260822 jo=61 R12 (code=0) → 進捗 84/108件完了
[2026-08-29 02:01:44] 取得 20260822 jo=75 R1 (code=0) → 進捗 85/108件完了
[2026-08-29 02:02:28] 取得 20260822 jo=75 R2 (code=0) → 進捗 86/108件完了
[2026-08-29 02:03:28] 取得 20260822 jo=75 R3 (code=0) → 進捗 87/108件完了
[2026-08-29 02:05:06] 取得 20260822 jo=75 R4 (code=0) → 進捗 88/108件完了
[2026-08-29 02:06:29] 取得 20260822 jo=75 R5 (code=0) → 進捗 89/108件完了
[2026-08-29 02:07:12] 取得 20260822 jo=75 R6 (code=0) → 進捗 90/108件完了
[2026-08-29 02:08:01] 取得 20260822 jo=75 R7 (code=0) → 進捗 91/108件完了
[2026-08-29 02:09:13] 取得 20260822 jo=75 R8 (code=0) → 進捗 92/108件完了
[2026-08-29 02:10:01] 取得 20260822 jo=75 R9 (code=0) → 進捗 93/108件完了
[2026-08-29 02:10:56] 取得 20260822 jo=75 R10 (code=0) → 進捗 94/108件完了
[2026-08-29 02:11:56] 取得 20260822 jo=75 R11 (code=0) → 進捗 95/108件完了
[2026-08-29 02:14:37] 取得 20260822 jo=75 R12 (code=0) → 進捗 96/108件完了
[2026-08-29 02:15:55] 取得 20260822 jo=84 R1 (code=0) → 進捗 97/108件完了
[2026-08-29 02:17:47] 取得 20260822 jo=84 R2 (code=0) → 進捗 98/108件完了
[2026-08-29 02:19:13] 取得 20260822 jo=84 R3 (code=0) → 進捗 99/108件完了
[2026-08-29 02:19:53] 取得 20260822 jo=84 R4 (code=0) → 進捗 100/108件完了
[2026-08-29 02:20:38] 取得 20260822 jo=84 R5 (code=0) → 進捗 101/108件完了
[2026-08-29 02:22:00] 取得 20260822 jo=84 R6 (code=0) → 進捗 102/108件完了
[2026-08-29 02:23:16] 取得 20260822 jo=84 R7 (code=0) → 進捗 103/108件完了
[2026-08-29 02:24:39] 取得 20260822 jo=84 R8 (code=0) → 進捗 104/108件完了
[2026-08-29 02:26:20] 取得 20260822 jo=84 R9 (code=0) → 進捗 105/108件完了
[2026-08-29 02:28:04] 取得 20260822 jo=84 R10 (code=0) → 進捗 106/108件完了
[2026-08-29 02:28:54] 取得 20260822 jo=84 R11 (code=0) → 進捗 107/108件完了
[2026-08-29 02:29:38] 取得 20260822 jo=84 R12 (code=0) → 進捗 108/108件完了
[2026-08-29 02:29:39] ALL JOBS DONE
[2026-08-29 11:50:51] auto_fetch start out=/data/data/com.termux/files/home/Keirin-EV-Tool/scraper/data scraper=/data/data/com.termux/files/home/Keirin-EV-Tool/scraper jobs=108
[2026-08-29 11:50:51] progress done=108/108 pending=0 next=None
[2026-08-29 11:50:51] ALL JOBS DONE
[2026-08-29 14:18:07] auto_fetch start out=/data/data/com.termux/files/home/Keirin-EV-Tool/scraper/data scraper=/data/data/com.termux/files/home/Keirin-EV-Tool/scraper jobs=108
[2026-08-29 14:18:07] progress done=108/108 pending=0 next=None
[2026-08-29 14:18:07] ALL JOBS DONE
[2026-08-29 23:13:27] auto_fetch start out=/data/data/com.termux/files/home/Keirin-EV-Tool/scraper/data scraper=/data/data/com.termux/files/home/Keirin-EV-Tool/scraper jobs=108
[2026-08-29 23:13:27] progress done=108/108 pending=0 next=None
[2026-08-29 23:13:27] ALL JOBS DONE
[2026-08-29 23:38:48] auto_fetch start out=/data/data/com.termux/files/home/Keirin-EV-Tool/scraper/data scraper=/data/data/com.termux/files/home/Keirin-EV-Tool/scraper jobs=108
[2026-08-29 23:38:48] progress done=108/108 pending=0 next=None
[2026-08-29 23:38:48] ALL JOBS DONE
[2026-08-29 23:43:10] auto_fetch start out=/data/data/com.termux/files/home/Keirin-EV-Tool/scraper/data scraper=/data/data/com.termux/files/home/Keirin-EV-Tool/scraper jobs=108
[2026-08-29 23:43:10] progress done=108/108 pending=0 next=None
[2026-08-29 23:43:10] ALL JOBS DONE
[2026-08-30 01:58:45] auto_fetch start out=/data/data/com.termux/files/home/Keirin-EV-Tool/scraper/data scraper=/data/data/com.termux/files/home/Keirin-EV-Tool/scraper jobs=96
[2026-08-30 01:58:45] progress done=0/96 pending=96 next=20260821 jo=26 R1
[2026-08-30 01:59:24] 取得 20260821 jo=26 R1 (code=0) → 進捗 1/96件完了
[2026-08-30 02:00:10] 取得 20260821 jo=26 R2 (code=0) → 進捗 2/96件完了
[2026-08-30 02:00:52] 取得 20260821 jo=26 R3 (code=0) → 進捗 3/96件完了
[2026-08-30 02:01:40] 取得 20260821 jo=26 R4 (code=0) → 進捗 4/96件完了
[2026-08-30 02:02:29] 取得 20260821 jo=26 R5 (code=0) → 進捗 5/96件完了
[2026-08-30 02:03:14] 取得 20260821 jo=26 R6 (code=0) → 進捗 6/96件完了
[2026-08-30 02:04:02] 取得 20260821 jo=26 R7 (code=0) → 進捗 7/96件完了
[2026-08-30 02:04:48] 取得 20260821 jo=26 R8 (code=0) → 進捗 8/96件完了
[2026-08-30 02:05:41] 取得 20260821 jo=26 R9 (code=0) → 進捗 9/96件完了
[2026-08-30 02:06:25] 取得 20260821 jo=26 R10 (code=0) → 進捗 10/96件完了
[2026-08-30 02:07:11] 取得 20260821 jo=26 R11 (code=0) → 進捗 11/96件完了
[2026-08-30 02:08:00] 取得 20260821 jo=26 R12 (code=0) → 進捗 12/96件完了
[2026-08-30 02:08:41] 取得 20260821 jo=34 R1 (code=0) → 進捗 13/96件完了
[2026-08-30 02:09:24] 取得 20260821 jo=34 R2 (code=0) → 進捗 14/96件完了
[2026-08-30 02:10:05] 取得 20260821 jo=34 R3 (code=0) → 進捗 15/96件完了
[2026-08-30 02:10:51] 取得 20260821 jo=34 R4 (code=0) → 進捗 16/96件完了
[2026-08-30 02:11:33] 取得 20260821 jo=34 R5 (code=0) → 進捗 17/96件完了
[2026-08-30 02:12:19] 取得 20260821 jo=34 R6 (code=0) → 進捗 18/96件完了
[2026-08-30 02:13:04] 取得 20260821 jo=34 R7 (code=0) → 進捗 19/96件完了
[2026-08-30 02:13:46] 取得 20260821 jo=34 R8 (code=0) → 進捗 20/96件完了
[2026-08-30 02:14:33] 取得 20260821 jo=34 R9 (code=0) → 進捗 21/96件完了
[2026-08-30 02:15:20] 取得 20260821 jo=34 R10 (code=0) → 進捗 22/96件完了
[2026-08-30 02:16:06] 取得 20260821 jo=34 R11 (code=0) → 進捗 23/96件完了
[2026-08-30 02:16:55] 取得 20260821 jo=34 R12 (code=0) → 進捗 24/96件完了
[2026-08-30 02:17:36] 取得 20260821 jo=44 R1 (code=0) → 進捗 25/96件完了
[2026-08-30 02:18:17] 取得 20260821 jo=44 R2 (code=0) → 進捗 26/96件完了
[2026-08-30 02:19:03] 取得 20260821 jo=44 R3 (code=0) → 進捗 27/96件完了
[2026-08-30 02:19:47] 取得 20260821 jo=44 R4 (code=0) → 進捗 28/96件完了
[2026-08-30 02:20:29] 取得 20260821 jo=44 R5 (code=0) → 進捗 29/96件完了
[2026-08-30 02:21:16] 取得 20260821 jo=44 R6 (code=0) → 進捗 30/96件完了
[2026-08-30 02:21:56] 取得 20260821 jo=44 R7 (code=0) → 進捗 31/96件完了
[2026-08-30 02:22:42] 取得 20260821 jo=44 R8 (code=0) → 進捗 32/96件完了
[2026-08-30 02:23:25] 取得 20260821 jo=44 R9 (code=0) → 進捗 33/96件完了
[2026-08-30 02:24:06] 取得 20260821 jo=44 R10 (code=0) → 進捗 34/96件完了
[2026-08-30 02:24:51] 取得 20260821 jo=44 R11 (code=0) → 進捗 35/96件完了
[2026-08-30 02:25:05] interrupted
[2026-08-30 03:03:19] auto_fetch start out=/data/data/com.termux/files/home/Keirin-EV-Tool/scraper/data scraper=/data/data/com.termux/files/home/Keirin-EV-Tool/scraper jobs=96
[2026-08-30 03:03:19] progress done=35/96 pending=61 next=20260821 jo=44 R12
[2026-08-30 03:04:02] 取得 20260821 jo=44 R12 (code=0) → 進捗 36/96件完了
[2026-08-30 03:04:45] 取得 20260821 jo=46 R1 (code=0) → 進捗 37/96件完了
[2026-08-30 03:05:28] 取得 20260821 jo=46 R2 (code=0) → 進捗 38/96件完了
[2026-08-30 03:06:18] 取得 20260821 jo=46 R3 (code=0) → 進捗 39/96件完了
[2026-08-30 03:07:00] 取得 20260821 jo=46 R4 (code=0) → 進捗 40/96件完了
[2026-08-30 03:07:44] 取得 20260821 jo=46 R5 (code=0) → 進捗 41/96件完了
[2026-08-30 03:08:27] 取得 20260821 jo=46 R6 (code=0) → 進捗 42/96件完了
[2026-08-30 03:09:18] 取得 20260821 jo=46 R7 (code=0) → 進捗 43/96件完了
[2026-08-30 03:10:06] 取得 20260821 jo=46 R8 (code=0) → 進捗 44/96件完了
[2026-08-30 03:10:50] 取得 20260821 jo=46 R9 (code=0) → 進捗 45/96件完了
[2026-08-30 03:11:34] 取得 20260821 jo=46 R10 (code=0) → 進捗 46/96件完了
[2026-08-30 03:12:21] 取得 20260821 jo=46 R11 (code=0) → 進捗 47/96件完了
[2026-08-30 03:13:04] 取得 20260821 jo=46 R12 (code=0) → 進捗 48/96件完了
[2026-08-30 03:13:51] 取得 20260821 jo=53 R1 (code=0) → 進捗 49/96件完了
[2026-08-30 03:14:36] 取得 20260821 jo=53 R2 (code=0) → 進捗 50/96件完了
[2026-08-30 03:15:22] 取得 20260821 jo=53 R3 (code=0) → 進捗 51/96件完了
[2026-08-30 03:16:03] 取得 20260821 jo=53 R4 (code=0) → 進捗 52/96件完了
[2026-08-30 03:16:43] 取得 20260821 jo=53 R5 (code=0) → 進捗 53/96件完了
[2026-08-30 03:17:24] 取得 20260821 jo=53 R6 (code=0) → 進捗 54/96件完了
[2026-08-30 03:18:07] 取得 20260821 jo=53 R7 (code=0) → 進捗 55/96件完了
[2026-08-30 03:18:48] 取得 20260821 jo=53 R8 (code=0) → 進捗 56/96件完了
[2026-08-30 03:19:27] 取得 20260821 jo=53 R9 (code=0) → 進捗 57/96件完了
[2026-08-30 03:20:10] 取得 20260821 jo=53 R10 (code=0) → 進捗 58/96件完了
[2026-08-30 03:20:56] 取得 20260821 jo=53 R11 (code=0) → 進捗 59/96件完了
[2026-08-30 03:21:42] 取得 20260821 jo=53 R12 (code=0) → 進捗 60/96件完了
[2026-08-30 03:22:28] 取得 20260821 jo=61 R1 (code=0) → 進捗 61/96件完了
[2026-08-30 03:23:14] 取得 20260821 jo=61 R2 (code=0) → 進捗 62/96件完了
[2026-08-30 03:23:57] 取得 20260821 jo=61 R3 (code=0) → 進捗 63/96件完了
[2026-08-30 03:24:41] 取得 20260821 jo=61 R4 (code=0) → 進捗 64/96件完了
[2026-08-30 03:25:23] 取得 20260821 jo=61 R5 (code=0) → 進捗 65/96件完了
[2026-08-30 03:26:03] 取得 20260821 jo=61 R6 (code=0) → 進捗 66/96件完了
[2026-08-30 03:26:45] 取得 20260821 jo=61 R7 (code=0) → 進捗 67/96件完了
[2026-08-30 03:27:26] 取得 20260821 jo=61 R8 (code=0) → 進捗 68/96件完了
[2026-08-30 03:28:09] 取得 20260821 jo=61 R9 (code=0) → 進捗 69/96件完了
[2026-08-30 03:28:56] 取得 20260821 jo=61 R10 (code=0) → 進捗 70/96件完了
[2026-08-30 03:29:34] 取得 20260821 jo=61 R11 (code=0) → 進捗 71/96件完了
[2026-08-30 03:30:23] 取得 20260821 jo=61 R12 (code=0) → 進捗 72/96件完了
[2026-08-30 03:31:10] 取得 20260821 jo=75 R1 (code=0) → 進捗 73/96件完了
[2026-08-30 03:31:53] 取得 20260821 jo=75 R2 (code=0) → 進捗 74/96件完了
[2026-08-30 03:32:34] 取得 20260821 jo=75 R3 (code=0) → 進捗 75/96件完了
[2026-08-30 03:33:16] 取得 20260821 jo=75 R4 (code=0) → 進捗 76/96件完了
[2026-08-30 03:33:53] 取得 20260821 jo=75 R5 (code=0) → 進捗 77/96件完了
[2026-08-30 03:34:37] 取得 20260821 jo=75 R6 (code=0) → 進捗 78/96件完了
[2026-08-30 03:35:22] 取得 20260821 jo=75 R7 (code=0) → 進捗 79/96件完了
[2026-08-30 03:36:14] 取得 20260821 jo=75 R8 (code=0) → 進捗 80/96件完了
[2026-08-30 03:36:55] 取得 20260821 jo=75 R9 (code=0) → 進捗 81/96件完了
[2026-08-30 03:37:42] 取得 20260821 jo=75 R10 (code=0) → 進捗 82/96件完了
[2026-08-30 03:38:33] 取得 20260821 jo=75 R11 (code=0) → 進捗 83/96件完了
[2026-08-30 03:39:14] 取得 20260821 jo=75 R12 (code=0) → 進捗 84/96件完了
[2026-08-30 03:40:01] 取得 20260821 jo=84 R1 (code=0) → 進捗 85/96件完了
[2026-08-30 03:40:51] 取得 20260821 jo=84 R2 (code=0) → 進捗 86/96件完了
[2026-08-30 03:41:37] 取得 20260821 jo=84 R3 (code=0) → 進捗 87/96件完了
[2026-08-30 03:42:21] 取得 20260821 jo=84 R4 (code=0) → 進捗 88/96件完了
[2026-08-30 03:43:05] 取得 20260821 jo=84 R5 (code=0) → 進捗 89/96件完了
[2026-08-30 03:43:53] 取得 20260821 jo=84 R6 (code=0) → 進捗 90/96件完了
[2026-08-30 03:44:38] 取得 20260821 jo=84 R7 (code=0) → 進捗 91/96件完了
[2026-08-30 03:45:26] 取得 20260821 jo=84 R8 (code=0) → 進捗 92/96件完了
[2026-08-30 03:46:13] 取得 20260821 jo=84 R9 (code=0) → 進捗 93/96件完了
[2026-08-30 03:47:07] 取得 20260821 jo=84 R10 (code=0) → 進捗 94/96件完了
[2026-08-30 03:47:55] 取得 20260821 jo=84 R11 (code=0) → 進捗 95/96件完了
[2026-08-30 03:48:43] 取得 20260821 jo=84 R12 (code=0) → 進捗 96/96件完了
[2026-08-30 03:48:44] ALL JOBS DONE
[2026-08-30 10:05:19] auto_fetch start out=/data/data/com.termux/files/home/Keirin-EV-Tool/scraper/data scraper=/data/data/com.termux/files/home/Keirin-EV-Tool/scraper jobs=96
[2026-08-30 10:05:19] progress done=0/96 pending=96 next=20260830 jo=13 R1
[2026-08-30 10:06:03] 取得 20260830 jo=13 R1 (code=0) → 進捗 1/96件完了
[2026-08-30 10:06:45] 取得 20260830 jo=13 R2 (code=0) → 進捗 2/96件完了
[2026-08-30 10:07:34] 取得 20260830 jo=13 R3 (code=0) → 進捗 3/96件完了
[2026-08-30 10:08:17] 取得 20260830 jo=13 R4 (code=0) → 進捗 4/96件完了
[2026-08-30 10:09:03] 取得 20260830 jo=13 R5 (code=0) → 進捗 5/96件完了
[2026-08-30 10:09:53] 取得 20260830 jo=13 R6 (code=0) → 進捗 6/96件完了
[2026-08-30 10:10:38] 取得 20260830 jo=13 R7 (code=0) → 進捗 7/96件完了
[2026-08-30 10:11:32] 取得 20260830 jo=13 R8 (code=0) → 進捗 8/96件完了
[2026-08-30 10:12:17] 取得 20260830 jo=13 R9 (code=0) → 進捗 9/96件完了
[2026-08-30 10:13:05] 取得 20260830 jo=13 R10 (code=0) → 進捗 10/96件完了
[2026-08-30 10:13:56] 取得 20260830 jo=13 R11 (code=0) → 進捗 11/96件完了
[2026-08-30 10:14:39] 取得 20260830 jo=13 R12 (code=0) → 進捗 12/96件完了
[2026-08-30 10:15:21] 取得 20260830 jo=22 R1 (code=0) → 進捗 13/96件完了
[2026-08-30 10:16:06] 取得 20260830 jo=22 R2 (code=0) → 進捗 14/96件完了
[2026-08-30 10:16:55] 取得 20260830 jo=22 R3 (code=0) → 進捗 15/96件完了
[2026-08-30 10:17:41] 取得 20260830 jo=22 R4 (code=0) → 進捗 16/96件完了
[2026-08-30 10:18:27] 取得 20260830 jo=22 R5 (code=0) → 進捗 17/96件完了
[2026-08-30 10:19:20] 取得 20260830 jo=22 R6 (code=0) → 進捗 18/96件完了
[2026-08-30 10:20:07] 取得 20260830 jo=22 R7 (code=0) → 進捗 19/96件完了
[2026-08-30 10:20:59] 取得 20260830 jo=22 R8 (code=0) → 進捗 20/96件完了
[2026-08-30 10:21:48] 取得 20260830 jo=22 R9 (code=0) → 進捗 21/96件完了
[2026-08-30 10:22:34] 取得 20260830 jo=22 R10 (code=0) → 進捗 22/96件完了
[2026-08-30 10:23:22] 取得 20260830 jo=22 R11 (code=0) → 進捗 23/96件完了
[2026-08-30 10:24:15] 取得 20260830 jo=22 R12 (code=0) → 進捗 24/96件完了
[2026-08-30 10:24:55] 取得 20260830 jo=34 R1 (code=0) → 進捗 25/96件完了
[2026-08-30 10:25:45] 取得 20260830 jo=34 R2 (code=0) → 進捗 26/96件完了
[2026-08-30 10:26:30] 取得 20260830 jo=34 R3 (code=0) → 進捗 27/96件完了
[2026-08-30 10:27:15] 取得 20260830 jo=34 R4 (code=0) → 進捗 28/96件完了
[2026-08-30 10:27:31] interrupted
[2026-08-30 10:28:08] auto_fetch start out=/data/data/com.termux/files/home/Keirin-EV-Tool/scraper/data scraper=/data/data/com.termux/files/home/Keirin-EV-Tool/scraper jobs=96
[2026-08-30 10:28:08] progress done=28/96 pending=68 next=20260830 jo=34 R5
[2026-08-30 10:28:49] 取得 20260830 jo=34 R5 (code=0) → 進捗 29/96件完了
[2026-08-30 10:29:29] 取得 20260830 jo=34 R6 (code=0) → 進捗 30/96件完了
[2026-08-30 10:30:12] 取得 20260830 jo=34 R7 (code=0) → 進捗 31/96件完了
[2026-08-30 10:30:53] 取得 20260830 jo=34 R8 (code=0) → 進捗 32/96件完了
[2026-08-30 10:31:40] 取得 20260830 jo=34 R9 (code=0) → 進捗 33/96件完了
[2026-08-30 10:32:29] 取得 20260830 jo=34 R10 (code=0) → 進捗 34/96件完了
[2026-08-30 10:33:15] 取得 20260830 jo=34 R11 (code=0) → 進捗 35/96件完了
[2026-08-30 10:34:02] 取得 20260830 jo=34 R12 (code=0) → 進捗 36/96件完了
[2026-08-30 10:34:46] 取得 20260830 jo=38 R1 (code=0) → 進捗 37/96件完了
[2026-08-30 10:35:31] 取得 20260830 jo=38 R2 (code=0) → 進捗 38/96件完了
[2026-08-30 10:35:42] interrupted
[2026-08-30 10:36:11] auto_fetch start out=/data/data/com.termux/files/home/Keirin-EV-Tool/scraper/data scraper=/data/data/com.termux/files/home/Keirin-EV-Tool/scraper jobs=96
[2026-08-30 10:36:11] progress done=38/96 pending=58 next=20260830 jo=38 R3
[2026-08-30 10:36:54] 取得 20260830 jo=38 R3 (code=0) → 進捗 39/96件完了
[2026-08-30 10:37:38] 取得 20260830 jo=38 R4 (code=0) → 進捗 40/96件完了
[2026-08-30 10:38:18] 取得 20260830 jo=38 R5 (code=0) → 進捗 41/96件完了
[2026-08-30 10:39:02] 取得 20260830 jo=38 R6 (code=0) → 進捗 42/96件完了
[2026-08-30 10:39:48] 取得 20260830 jo=38 R7 (code=0) → 進捗 43/96件完了
[2026-08-30 10:40:35] 取得 20260830 jo=38 R8 (code=0) → 進捗 44/96件完了
[2026-08-30 10:41:29] 取得 20260830 jo=38 R9 (code=0) → 進捗 45/96件完了
[2026-08-30 10:42:16] 取得 20260830 jo=38 R10 (code=0) → 進捗 46/96件完了
[2026-08-30 10:43:03] 取得 20260830 jo=38 R11 (code=0) → 進捗 47/96件完了
[2026-08-30 10:43:52] 取得 20260830 jo=38 R12 (code=0) → 進捗 48/96件完了
[2026-08-30 10:44:36] 取得 20260830 jo=43 R1 (code=0) → 進捗 49/96件完了
[2026-08-30 10:45:21] 取得 20260830 jo=43 R2 (code=0) → 進捗 50/96件完了
[2026-08-30 10:45:34] interrupted
[2026-08-30 10:45:59] auto_fetch start out=/data/data/com.termux/files/home/Keirin-EV-Tool/scraper/data scraper=/data/data/com.termux/files/home/Keirin-EV-Tool/scraper jobs=96
[2026-08-30 10:45:59] progress done=0/96 pending=96 next=20260820 jo=21 R1
[2026-08-30 10:46:45] 取得 20260820 jo=21 R1 (code=0) → 進捗 1/96件完了
[2026-08-30 10:47:30] 取得 20260820 jo=21 R2 (code=0) → 進捗 2/96件完了
[2026-08-30 10:48:09] 取得 20260820 jo=21 R3 (code=0) → 進捗 3/96件完了
[2026-08-30 10:48:55] 取得 20260820 jo=21 R4 (code=0) → 進捗 4/96件完了
[2026-08-30 10:49:32] 取得 20260820 jo=21 R5 (code=0) → 進捗 5/96件完了
[2026-08-30 10:50:20] 取得 20260820 jo=21 R6 (code=0) → 進捗 6/96件完了
[2026-08-30 10:51:00] 取得 20260820 jo=21 R7 (code=0) → 進捗 7/96件完了
[2026-08-30 10:51:46] 取得 20260820 jo=21 R8 (code=0) → 進捗 8/96件完了
[2026-08-30 10:52:32] 取得 20260820 jo=21 R9 (code=0) → 進捗 9/96件完了
[2026-08-30 10:53:25] 取得 20260820 jo=21 R10 (code=0) → 進捗 10/96件完了
[2026-08-30 10:54:16] 取得 20260820 jo=21 R11 (code=0) → 進捗 11/96件完了
[2026-08-30 10:55:00] 取得 20260820 jo=21 R12 (code=0) → 進捗 12/96件完了
[2026-08-30 10:55:45] 取得 20260820 jo=34 R1 (code=0) → 進捗 13/96件完了
[2026-08-30 10:56:27] 取得 20260820 jo=34 R2 (code=0) → 進捗 14/96件完了
[2026-08-30 10:57:11] 取得 20260820 jo=34 R3 (code=0) → 進捗 15/96件完了
[2026-08-30 10:57:50] 取得 20260820 jo=34 R4 (code=0) → 進捗 16/96件完了
[2026-08-30 10:58:35] 取得 20260820 jo=34 R5 (code=0) → 進捗 17/96件完了
[2026-08-30 10:59:19] 取得 20260820 jo=34 R6 (code=0) → 進捗 18/96件完了
[2026-08-30 11:00:01] 取得 20260820 jo=34 R7 (code=0) → 進捗 19/96件完了
[2026-08-30 11:00:47] 取得 20260820 jo=34 R8 (code=0) → 進捗 20/96件完了
[2026-08-30 11:01:34] 取得 20260820 jo=34 R9 (code=0) → 進捗 21/96件完了
[2026-08-30 11:02:19] 取得 20260820 jo=34 R10 (code=0) → 進捗 22/96件完了
[2026-08-30 11:03:04] 取得 20260820 jo=34 R11 (code=0) → 進捗 23/96件完了
[2026-08-30 11:03:49] 取得 20260820 jo=34 R12 (code=0) → 進捗 24/96件完了
[2026-08-30 11:04:30] 取得 20260820 jo=45 R1 (code=0) → 進捗 25/96件完了
[2026-08-30 11:05:11] 取得 20260820 jo=45 R2 (code=0) → 進捗 26/96件完了
[2026-08-30 11:05:52] 取得 20260820 jo=45 R3 (code=0) → 進捗 27/96件完了
[2026-08-30 11:06:35] 取得 20260820 jo=45 R4 (code=0) → 進捗 28/96件完了
[2026-08-30 11:07:16] 取得 20260820 jo=45 R5 (code=0) → 進捗 29/96件完了
[2026-08-30 11:08:00] 取得 20260820 jo=45 R6 (code=0) → 進捗 30/96件完了
[2026-08-30 11:08:43] 取得 20260820 jo=45 R7 (code=0) → 進捗 31/96件完了
[2026-08-30 11:09:31] 取得 20260820 jo=45 R8 (code=0) → 進捗 32/96件完了
[2026-08-30 11:10:20] 取得 20260820 jo=45 R9 (code=0) → 進捗 33/96件完了
[2026-08-30 11:11:07] 取得 20260820 jo=45 R10 (code=0) → 進捗 34/96件完了
[2026-08-30 11:11:49] 取得 20260820 jo=45 R11 (code=0) → 進捗 35/96件完了
[2026-08-30 11:12:35] 取得 20260820 jo=45 R12 (code=0) → 進捗 36/96件完了
[2026-08-30 11:13:13] 取得 20260820 jo=46 R1 (code=0) → 進捗 37/96件完了
[2026-08-30 11:13:59] 取得 20260820 jo=46 R2 (code=0) → 進捗 38/96件完了
[2026-08-30 11:14:42] 取得 20260820 jo=46 R3 (code=0) → 進捗 39/96件完了
[2026-08-30 11:15:28] 取得 20260820 jo=46 R4 (code=0) → 進捗 40/96件完了
[2026-08-30 11:16:16] 取得 20260820 jo=46 R5 (code=0) → 進捗 41/96件完了
[2026-08-30 11:16:55] 取得 20260820 jo=46 R6 (code=0) → 進捗 42/96件完了
[2026-08-30 11:17:38] 取得 20260820 jo=46 R7 (code=0) → 進捗 43/96件完了
[2026-08-30 11:18:16] 取得 20260820 jo=46 R8 (code=0) → 進捗 44/96件完了
[2026-08-30 11:19:03] 取得 20260820 jo=46 R9 (code=0) → 進捗 45/96件完了
[2026-08-30 11:19:46] 取得 20260820 jo=46 R10 (code=0) → 進捗 46/96件完了
[2026-08-30 11:20:28] 取得 20260820 jo=46 R11 (code=0) → 進捗 47/96件完了
[2026-08-30 11:21:16] 取得 20260820 jo=46 R12 (code=0) → 進捗 48/96件完了
[2026-08-30 11:22:04] 取得 20260820 jo=53 R1 (code=0) → 進捗 49/96件完了
[2026-08-30 11:22:47] 取得 20260820 jo=53 R2 (code=0) → 進捗 50/96件完了
[2026-08-30 11:23:31] 取得 20260820 jo=53 R3 (code=0) → 進捗 51/96件完了
[2026-08-30 11:24:12] 取得 20260820 jo=53 R4 (code=0) → 進捗 52/96件完了
[2026-08-30 11:24:59] 取得 20260820 jo=53 R5 (code=0) → 進捗 53/96件完了
[2026-08-30 11:25:43] 取得 20260820 jo=53 R6 (code=0) → 進捗 54/96件完了
[2026-08-30 11:26:28] 取得 20260820 jo=53 R7 (code=0) → 進捗 55/96件完了
[2026-08-30 11:27:13] 取得 20260820 jo=53 R8 (code=0) → 進捗 56/96件完了
[2026-08-30 11:27:54] 取得 20260820 jo=53 R9 (code=0) → 進捗 57/96件完了
[2026-08-30 11:28:41] 取得 20260820 jo=53 R10 (code=0) → 進捗 58/96件完了
[2026-08-30 11:29:28] 取得 20260820 jo=53 R11 (code=0) → 進捗 59/96件完了
[2026-08-30 11:30:20] 取得 20260820 jo=53 R12 (code=0) → 進捗 60/96件完了
[2026-08-30 11:30:59] 取得 20260820 jo=61 R1 (code=0) → 進捗 61/96件完了
[2026-08-30 11:31:44] 取得 20260820 jo=61 R2 (code=0) → 進捗 62/96件完了
[2026-08-30 11:32:32] 取得 20260820 jo=61 R3 (code=0) → 進捗 63/96件完了
[2026-08-30 11:33:13] 取得 20260820 jo=61 R4 (code=0) → 進捗 64/96件完了
[2026-08-30 11:34:01] 取得 20260820 jo=61 R5 (code=0) → 進捗 65/96件完了
[2026-08-30 11:34:50] 取得 20260820 jo=61 R6 (code=0) → 進捗 66/96件完了
[2026-08-30 11:35:36] 取得 20260820 jo=61 R7 (code=0) → 進捗 67/96件完了
[2026-08-30 11:36:19] 取得 20260820 jo=61 R8 (code=0) → 進捗 68/96件完了
[2026-08-30 11:37:05] 取得 20260820 jo=61 R9 (code=0) → 進捗 69/96件完了
[2026-08-30 11:37:49] 取得 20260820 jo=61 R10 (code=0) → 進捗 70/96件完了
[2026-08-30 11:38:31] 取得 20260820 jo=61 R11 (code=0) → 進捗 71/96件完了
[2026-08-30 11:39:19] 取得 20260820 jo=61 R12 (code=0) → 進捗 72/96件完了
[2026-08-30 11:40:12] 取得 20260820 jo=74 R1 (code=0) → 進捗 73/96件完了
[2026-08-30 11:40:53] 取得 20260820 jo=74 R2 (code=0) → 進捗 74/96件完了
[2026-08-30 11:41:37] 取得 20260820 jo=74 R3 (code=0) → 進捗 75/96件完了
[2026-08-30 11:42:21] 取得 20260820 jo=74 R4 (code=0) → 進捗 76/96件完了
[2026-08-30 11:43:35] 取得 20260820 jo=74 R5 (code=0) → 進捗 77/96件完了
[2026-08-30 11:45:23] 取得 20260820 jo=74 R6 (code=0) → 進捗 78/96件完了
[2026-08-30 11:46:08] 取得 20260820 jo=74 R7 (code=0) → 進捗 79/96件完了
[2026-08-30 11:46:52] 取得 20260820 jo=74 R8 (code=0) → 進捗 80/96件完了
[2026-08-30 11:47:37] 取得 20260820 jo=74 R9 (code=0) → 進捗 81/96件完了
[2026-08-30 11:48:25] 取得 20260820 jo=74 R10 (code=0) → 進捗 82/96件完了
[2026-08-30 11:49:15] 取得 20260820 jo=74 R11 (code=0) → 進捗 83/96件完了
[2026-08-30 11:50:00] 取得 20260820 jo=74 R12 (code=0) → 進捗 84/96件完了
[2026-08-30 11:50:46] 取得 20260820 jo=85 R1 (code=0) → 進捗 85/96件完了
[2026-08-30 11:51:29] 取得 20260820 jo=85 R2 (code=0) → 進捗 86/96件完了
[2026-08-30 11:52:14] 取得 20260820 jo=85 R3 (code=0) → 進捗 87/96件完了
[2026-08-30 11:53:00] 取得 20260820 jo=85 R4 (code=0) → 進捗 88/96件完了
[2026-08-30 11:53:46] 取得 20260820 jo=85 R5 (code=0) → 進捗 89/96件完了
[2026-08-30 11:54:28] 取得 20260820 jo=85 R6 (code=0) → 進捗 90/96件完了
[2026-08-30 11:55:14] 取得 20260820 jo=85 R7 (code=0) → 進捗 91/96件完了
[2026-08-30 11:55:55] 取得 20260820 jo=85 R8 (code=0) → 進捗 92/96件完了
[2026-08-30 11:56:39] 取得 20260820 jo=85 R9 (code=0) → 進捗 93/96件完了
[2026-08-30 11:57:25] 取得 20260820 jo=85 R10 (code=0) → 進捗 94/96件完了
[2026-08-30 11:58:13] 取得 20260820 jo=85 R11 (code=0) → 進捗 95/96件完了
[2026-08-30 11:59:07] 取得 20260820 jo=85 R12 (code=0) → 進捗 96/96件完了
[2026-08-30 11:59:08] ALL JOBS DONE
[2026-08-30 16:06:17] auto_fetch start out=/data/data/com.termux/files/home/Keirin-EV-Tool/scraper/data scraper=/data/data/com.termux/files/home/Keirin-EV-Tool/scraper jobs=96
[2026-08-30 16:06:17] progress done=0/96 pending=96 next=20260819 jo=21 R1
[2026-08-30 16:07:21] 取得 20260819 jo=21 R1 (code=0) → 進捗 1/96件完了
[2026-08-30 16:08:08] 取得 20260819 jo=21 R2 (code=0) → 進捗 2/96件完了
[2026-08-30 16:08:55] 取得 20260819 jo=21 R3 (code=0) → 進捗 3/96件完了
[2026-08-30 16:09:50] 取得 20260819 jo=21 R4 (code=0) → 進捗 4/96件完了
[2026-08-30 16:10:47] 取得 20260819 jo=21 R5 (code=0) → 進捗 5/96件完了
[2026-08-30 16:11:34] 取得 20260819 jo=21 R6 (code=0) → 進捗 6/96件完了
[2026-08-30 16:12:26] 取得 20260819 jo=21 R7 (code=0) → 進捗 7/96件完了
[2026-08-30 16:13:16] 取得 20260819 jo=21 R8 (code=0) → 進捗 8/96件完了
[2026-08-30 16:14:36] 取得 20260819 jo=21 R9 (code=0) → 進捗 9/96件完了
[2026-08-30 16:15:31] 取得 20260819 jo=21 R10 (code=0) → 進捗 10/96件完了
[2026-08-30 16:16:32] 取得 20260819 jo=21 R11 (code=0) → 進捗 11/96件完了
[2026-08-30 16:17:24] 取得 20260819 jo=21 R12 (code=0) → 進捗 12/96件完了
[2026-08-30 16:18:10] 取得 20260819 jo=28 R1 (code=0) → 進捗 13/96件完了
[2026-08-30 16:18:59] 取得 20260819 jo=28 R2 (code=0) → 進捗 14/96件完了
[2026-08-30 16:20:19] 取得 20260819 jo=28 R3 (code=0) → 進捗 15/96件完了
[2026-08-30 16:21:20] 取得 20260819 jo=28 R4 (code=0) → 進捗 16/96件完了
[2026-08-30 16:22:07] 取得 20260819 jo=28 R5 (code=0) → 進捗 17/96件完了
[2026-08-30 16:23:02] 取得 20260819 jo=28 R6 (code=0) → 進捗 18/96件完了
[2026-08-30 16:24:01] 取得 20260819 jo=28 R7 (code=0) → 進捗 19/96件完了
[2026-08-30 16:25:03] 取得 20260819 jo=28 R8 (code=0) → 進捗 20/96件完了
[2026-08-30 16:25:54] 取得 20260819 jo=28 R9 (code=0) → 進捗 21/96件完了
[2026-08-30 16:26:44] 取得 20260819 jo=28 R10 (code=0) → 進捗 22/96件完了
[2026-08-30 16:27:35] 取得 20260819 jo=28 R11 (code=0) → 進捗 23/96件完了
[2026-08-30 16:28:27] 取得 20260819 jo=28 R12 (code=0) → 進捗 24/96件完了
[2026-08-30 16:29:17] 取得 20260819 jo=34 R1 (code=0) → 進捗 25/96件完了
[2026-08-30 16:30:08] 取得 20260819 jo=34 R2 (code=0) → 進捗 26/96件完了
[2026-08-30 16:30:54] 取得 20260819 jo=34 R3 (code=0) → 進捗 27/96件完了
[2026-08-30 16:31:42] 取得 20260819 jo=34 R4 (code=0) → 進捗 28/96件完了
[2026-08-30 16:32:40] 取得 20260819 jo=34 R5 (code=0) → 進捗 29/96件完了
[2026-08-30 16:33:28] 取得 20260819 jo=34 R6 (code=0) → 進捗 30/96件完了
[2026-08-30 16:34:11] 取得 20260819 jo=34 R7 (code=0) → 進捗 31/96件完了
[2026-08-30 16:35:05] 取得 20260819 jo=34 R8 (code=0) → 進捗 32/96件完了
[2026-08-30 16:35:52] 取得 20260819 jo=34 R9 (code=0) → 進捗 33/96件完了
[2026-08-30 16:36:41] 取得 20260819 jo=34 R10 (code=0) → 進捗 34/96件完了
[2026-08-30 16:37:25] 取得 20260819 jo=34 R11 (code=0) → 進捗 35/96件完了
[2026-08-30 16:38:15] 取得 20260819 jo=34 R12 (code=0) → 進捗 36/96件完了
[2026-08-30 16:39:04] 取得 20260819 jo=44 R1 (code=0) → 進捗 37/96件完了
[2026-08-30 16:39:52] 取得 20260819 jo=44 R2 (code=0) → 進捗 38/96件完了
[2026-08-30 16:40:37] 取得 20260819 jo=44 R3 (code=0) → 進捗 39/96件完了
[2026-08-30 16:41:23] 取得 20260819 jo=44 R4 (code=0) → 進捗 40/96件完了
[2026-08-30 16:42:06] 取得 20260819 jo=44 R5 (code=0) → 進捗 41/96件完了
[2026-08-30 16:42:51] 取得 20260819 jo=44 R6 (code=0) → 進捗 42/96件完了
[2026-08-30 16:43:35] 取得 20260819 jo=44 R7 (code=0) → 進捗 43/96件完了
[2026-08-30 16:44:25] 取得 20260819 jo=44 R8 (code=0) → 進捗 44/96件完了
[2026-08-30 16:45:12] 取得 20260819 jo=44 R9 (code=0) → 進捗 45/96件完了
[2026-08-30 16:45:55] 取得 20260819 jo=44 R10 (code=0) → 進捗 46/96件完了
[2026-08-30 16:46:52] 取得 20260819 jo=44 R11 (code=0) → 進捗 47/96件完了
[2026-08-30 16:47:33] 取得 20260819 jo=44 R12 (code=0) → 進捗 48/96件完了
[2026-08-30 16:48:13] 取得 20260819 jo=45 R1 (code=0) → 進捗 49/96件完了
[2026-08-30 16:48:53] 取得 20260819 jo=45 R2 (code=0) → 進捗 50/96件完了
[2026-08-30 16:49:39] 取得 20260819 jo=45 R3 (code=0) → 進捗 51/96件完了
[2026-08-30 16:50:27] 取得 20260819 jo=45 R4 (code=0) → 進捗 52/96件完了
[2026-08-30 16:51:20] 取得 20260819 jo=45 R5 (code=0) → 進捗 53/96件完了
[2026-08-30 16:52:05] 取得 20260819 jo=45 R6 (code=0) → 進捗 54/96件完了
[2026-08-30 16:52:45] 取得 20260819 jo=45 R7 (code=0) → 進捗 55/96件完了
[2026-08-30 16:53:34] 取得 20260819 jo=45 R8 (code=0) → 進捗 56/96件完了
[2026-08-30 16:54:26] 取得 20260819 jo=45 R9 (code=0) → 進捗 57/96件完了
[2026-08-30 16:55:10] 取得 20260819 jo=45 R10 (code=0) → 進捗 58/96件完了
[2026-08-30 16:56:02] 取得 20260819 jo=45 R11 (code=0) → 進捗 59/96件完了
[2026-08-30 16:56:50] 取得 20260819 jo=45 R12 (code=0) → 進捗 60/96件完了
[2026-08-30 16:57:38] 取得 20260819 jo=48 R1 (code=0) → 進捗 61/96件完了
[2026-08-30 16:58:28] 取得 20260819 jo=48 R2 (code=0) → 進捗 62/96件完了
[2026-08-30 16:59:15] 取得 20260819 jo=48 R3 (code=0) → 進捗 63/96件完了
[2026-08-30 17:00:05] 取得 20260819 jo=48 R4 (code=0) → 進捗 64/96件完了
[2026-08-30 17:00:57] 取得 20260819 jo=48 R5 (code=0) → 進捗 65/96件完了
[2026-08-30 17:01:39] 取得 20260819 jo=48 R6 (code=0) → 進捗 66/96件完了
[2026-08-30 17:02:38] 取得 20260819 jo=48 R7 (code=0) → 進捗 67/96件完了
[2026-08-30 17:03:22] 取得 20260819 jo=48 R8 (code=0) → 進捗 68/96件完了
[2026-08-30 17:04:07] 取得 20260819 jo=48 R9 (code=0) → 進捗 69/96件完了
[2026-08-30 17:04:55] 取得 20260819 jo=48 R10 (code=0) → 進捗 70/96件完了
[2026-08-30 17:05:37] 取得 20260819 jo=48 R11 (code=0) → 進捗 71/96件完了
[2026-08-30 17:06:24] 取得 20260819 jo=48 R12 (code=0) → 進捗 72/96件完了
[2026-08-30 17:07:10] 取得 20260819 jo=74 R1 (code=0) → 進捗 73/96件完了
[2026-08-30 17:08:01] 取得 20260819 jo=74 R2 (code=0) → 進捗 74/96件完了
[2026-08-30 17:08:49] 取得 20260819 jo=74 R3 (code=0) → 進捗 75/96件完了
[2026-08-30 17:09:39] 取得 20260819 jo=74 R4 (code=0) → 進捗 76/96件完了
[2026-08-30 17:10:22] 取得 20260819 jo=74 R5 (code=0) → 進捗 77/96件完了
[2026-08-30 17:11:07] 取得 20260819 jo=74 R6 (code=0) → 進捗 78/96件完了
[2026-08-30 17:11:59] 取得 20260819 jo=74 R7 (code=0) → 進捗 79/96件完了
[2026-08-30 17:12:41] 取得 20260819 jo=74 R8 (code=0) → 進捗 80/96件完了
[2026-08-30 17:13:26] 取得 20260819 jo=74 R9 (code=0) → 進捗 81/96件完了
[2026-08-30 17:14:15] 取得 20260819 jo=74 R10 (code=0) → 進捗 82/96件完了
[2026-08-30 17:15:01] 取得 20260819 jo=74 R11 (code=0) → 進捗 83/96件完了
[2026-08-30 17:16:05] 取得 20260819 jo=74 R12 (code=0) → 進捗 84/96件完了
[2026-08-30 17:17:00] 取得 20260819 jo=85 R1 (code=0) → 進捗 85/96件完了
[2026-08-30 17:17:43] 取得 20260819 jo=85 R2 (code=0) → 進捗 86/96件完了
[2026-08-30 17:18:24] 取得 20260819 jo=85 R3 (code=0) → 進捗 87/96件完了
[2026-08-30 17:19:12] 取得 20260819 jo=85 R4 (code=0) → 進捗 88/96件完了
[2026-08-30 17:19:54] 取得 20260819 jo=85 R5 (code=0) → 進捗 89/96件完了
[2026-08-30 17:20:39] 取得 20260819 jo=85 R6 (code=0) → 進捗 90/96件完了
[2026-08-30 17:21:26] 取得 20260819 jo=85 R7 (code=0) → 進捗 91/96件完了
[2026-08-30 17:22:11] 取得 20260819 jo=85 R8 (code=0) → 進捗 92/96件完了
[2026-08-30 17:22:55] 取得 20260819 jo=85 R9 (code=0) → 進捗 93/96件完了
[2026-08-30 17:23:44] 取得 20260819 jo=85 R10 (code=0) → 進捗 94/96件完了
[2026-08-30 17:24:32] 取得 20260819 jo=85 R11 (code=0) → 進捗 95/96件完了
[2026-08-30 17:25:24] 取得 20260819 jo=85 R12 (code=0) → 進捗 96/96件完了
[2026-08-30 17:25:25] ALL JOBS DONE
[2026-08-31 11:09:51] auto_fetch start out=/data/data/com.termux/files/home/Keirin-EV-Tool/scraper/data scraper=/data/data/com.termux/files/home/Keirin-EV-Tool/scraper jobs=96
[2026-08-31 11:09:51] progress done=96/96 pending=0 next=None
[2026-08-31 11:09:51] ALL JOBS DONE
[2026-08-31 12:58:00] auto_fetch start out=/data/data/com.termux/files/home/Keirin-EV-Tool/scraper/data scraper=/data/data/com.termux/files/home/Keirin-EV-Tool/scraper jobs=96
[2026-08-31 12:58:00] progress done=96/96 pending=0 next=None
[2026-08-31 12:58:00] ALL JOBS DONE
[2026-08-31 14:11:05] auto_fetch start out=/data/data/com.termux/files/home/Keirin-EV-Tool/scraper/data scraper=/data/data/com.termux/files/home/Keirin-EV-Tool/scraper jobs=96
[2026-08-31 14:11:05] progress done=96/96 pending=0 next=None
[2026-08-31 14:11:05] ALL JOBS DONE
[2026-08-31 19:20:54] auto_fetch start out=/data/data/com.termux/files/home/Keirin-EV-Tool/scraper/data scraper=/data/data/com.termux/files/home/Keirin-EV-Tool/scraper jobs=108
[2026-08-31 19:20:54] progress done=0/108 pending=108 next=20260818 jo=21 R1
[2026-08-31 19:21:58] 取得 20260818 jo=21 R1 (code=0) → 進捗 1/108件完了
[2026-08-31 19:23:40] 取得 20260818 jo=21 R2 (code=0) → 進捗 2/108件完了
[2026-08-31 19:24:39] 取得 20260818 jo=21 R3 (code=0) → 進捗 3/108件完了
[2026-08-31 19:25:24] 取得 20260818 jo=21 R4 (code=0) → 進捗 4/108件完了
[2026-08-31 19:26:12] 取得 20260818 jo=21 R5 (code=0) → 進捗 5/108件完了
[2026-08-31 19:26:54] 取得 20260818 jo=21 R6 (code=0) → 進捗 6/108件完了
[2026-08-31 19:27:40] 取得 20260818 jo=21 R7 (code=0) → 進捗 7/108件完了
[2026-08-31 19:28:29] 取得 20260818 jo=21 R8 (code=0) → 進捗 8/108件完了
[2026-08-31 19:29:15] 取得 20260818 jo=21 R9 (code=0) → 進捗 9/108件完了
[2026-08-31 19:30:02] 取得 20260818 jo=21 R10 (code=0) → 進捗 10/108件完了
[2026-08-31 19:30:50] 取得 20260818 jo=21 R11 (code=0) → 進捗 11/108件完了
[2026-08-31 19:31:34] 取得 20260818 jo=21 R12 (code=0) → 進捗 12/108件完了
[2026-08-31 19:32:21] 取得 20260818 jo=28 R1 (code=0) → 進捗 13/108件完了
[2026-08-31 19:33:11] 取得 20260818 jo=28 R2 (code=0) → 進捗 14/108件完了
[2026-08-31 19:33:55] 取得 20260818 jo=28 R3 (code=0) → 進捗 15/108件完了
[2026-08-31 19:34:36] 取得 20260818 jo=28 R4 (code=0) → 進捗 16/108件完了
[2026-08-31 19:35:22] 取得 20260818 jo=28 R5 (code=0) → 進捗 17/108件完了
[2026-08-31 19:36:07] 取得 20260818 jo=28 R6 (code=0) → 進捗 18/108件完了
[2026-08-31 19:36:53] 取得 20260818 jo=28 R7 (code=0) → 進捗 19/108件完了
[2026-08-31 19:37:37] 取得 20260818 jo=28 R8 (code=0) → 進捗 20/108件完了
[2026-08-31 19:38:29] 取得 20260818 jo=28 R9 (code=0) → 進捗 21/108件完了
[2026-08-31 19:39:16] 取得 20260818 jo=28 R10 (code=0) → 進捗 22/108件完了
[2026-08-31 19:40:01] 取得 20260818 jo=28 R11 (code=0) → 進捗 23/108件完了
[2026-08-31 19:40:46] 取得 20260818 jo=28 R12 (code=0) → 進捗 24/108件完了
[2026-08-31 19:41:29] 取得 20260818 jo=37 R1 (code=0) → 進捗 25/108件完了
[2026-08-31 19:42:20] 取得 20260818 jo=37 R2 (code=0) → 進捗 26/108件完了
[2026-08-31 19:43:11] 取得 20260818 jo=37 R3 (code=0) → 進捗 27/108件完了
[2026-08-31 19:43:51] 取得 20260818 jo=37 R4 (code=0) → 進捗 28/108件完了
[2026-08-31 19:44:38] 取得 20260818 jo=37 R5 (code=0) → 進捗 29/108件完了
[2026-08-31 19:45:21] 取得 20260818 jo=37 R6 (code=0) → 進捗 30/108件完了
[2026-08-31 19:46:07] 取得 20260818 jo=37 R7 (code=0) → 進捗 31/108件完了
[2026-08-31 19:46:50] 取得 20260818 jo=37 R8 (code=0) → 進捗 32/108件完了
[2026-08-31 19:47:38] 取得 20260818 jo=37 R9 (code=0) → 進捗 33/108件完了
[2026-08-31 19:48:24] 取得 20260818 jo=37 R10 (code=0) → 進捗 34/108件完了
[2026-08-31 19:49:10] 取得 20260818 jo=37 R11 (code=0) → 進捗 35/108件完了
[2026-08-31 19:49:54] 取得 20260818 jo=37 R12 (code=0) → 進捗 36/108件完了
[2026-08-31 19:50:39] 取得 20260818 jo=44 R1 (code=0) → 進捗 37/108件完了
[2026-08-31 19:51:26] 取得 20260818 jo=44 R2 (code=0) → 進捗 38/108件完了
[2026-08-31 19:52:11] 取得 20260818 jo=44 R3 (code=0) → 進捗 39/108件完了
[2026-08-31 19:52:57] 取得 20260818 jo=44 R4 (code=0) → 進捗 40/108件完了
[2026-08-31 19:53:43] 取得 20260818 jo=44 R5 (code=0) → 進捗 41/108件完了
[2026-08-31 19:54:31] 取得 20260818 jo=44 R6 (code=0) → 進捗 42/108件完了
[2026-08-31 19:55:17] 取得 20260818 jo=44 R7 (code=0) → 進捗 43/108件完了
[2026-08-31 19:56:03] 取得 20260818 jo=44 R8 (code=0) → 進捗 44/108件完了
[2026-08-31 19:56:54] 取得 20260818 jo=44 R9 (code=0) → 進捗 45/108件完了
[2026-08-31 19:57:39] 取得 20260818 jo=44 R10 (code=0) → 進捗 46/108件完了
[2026-08-31 19:58:27] 取得 20260818 jo=44 R11 (code=0) → 進捗 47/108件完了
[2026-08-31 19:59:10] 取得 20260818 jo=44 R12 (code=0) → 進捗 48/108件完了
[2026-08-31 19:59:56] 取得 20260818 jo=45 R1 (code=0) → 進捗 49/108件完了
[2026-08-31 20:00:45] 取得 20260818 jo=45 R2 (code=0) → 進捗 50/108件完了
[2026-08-31 20:01:32] 取得 20260818 jo=45 R3 (code=0) → 進捗 51/108件完了
[2026-08-31 20:02:17] 取得 20260818 jo=45 R4 (code=0) → 進捗 52/108件完了
[2026-08-31 20:03:13] 取得 20260818 jo=45 R5 (code=0) → 進捗 53/108件完了
[2026-08-31 20:03:57] 取得 20260818 jo=45 R6 (code=0) → 進捗 54/108件完了
[2026-08-31 20:04:46] 取得 20260818 jo=45 R7 (code=0) → 進捗 55/108件完了
[2026-08-31 20:05:34] 取得 20260818 jo=45 R8 (code=0) → 進捗 56/108件完了
[2026-08-31 20:06:24] 取得 20260818 jo=45 R9 (code=0) → 進捗 57/108件完了
[2026-08-31 20:07:16] 取得 20260818 jo=45 R10 (code=0) → 進捗 58/108件完了
[2026-08-31 20:08:09] 取得 20260818 jo=45 R11 (code=0) → 進捗 59/108件完了
[2026-08-31 20:08:59] 取得 20260818 jo=45 R12 (code=0) → 進捗 60/108件完了
[2026-08-31 20:09:59] 取得 20260818 jo=48 R1 (code=0) → 進捗 61/108件完了
[2026-08-31 20:10:47] 取得 20260818 jo=48 R2 (code=0) → 進捗 62/108件完了
[2026-08-31 20:11:44] 取得 20260818 jo=48 R3 (code=0) → 進捗 63/108件完了
[2026-08-31 20:12:29] 取得 20260818 jo=48 R4 (code=0) → 進捗 64/108件完了
[2026-08-31 20:13:13] 取得 20260818 jo=48 R5 (code=0) → 進捗 65/108件完了
[2026-08-31 20:13:56] 取得 20260818 jo=48 R6 (code=0) → 進捗 66/108件完了
[2026-08-31 20:14:46] 取得 20260818 jo=48 R7 (code=0) → 進捗 67/108件完了
[2026-08-31 20:15:48] 取得 20260818 jo=48 R8 (code=0) → 進捗 68/108件完了
[2026-08-31 20:16:45] 取得 20260818 jo=48 R9 (code=0) → 進捗 69/108件完了
[2026-08-31 20:17:35] 取得 20260818 jo=48 R10 (code=0) → 進捗 70/108件完了
[2026-08-31 20:18:17] 取得 20260818 jo=48 R11 (code=0) → 進捗 71/108件完了
[2026-08-31 20:19:07] 取得 20260818 jo=48 R12 (code=0) → 進捗 72/108件完了
[2026-08-31 20:19:57] 取得 20260818 jo=74 R1 (code=0) → 進捗 73/108件完了
[2026-08-31 20:20:51] 取得 20260818 jo=74 R2 (code=0) → 進捗 74/108件完了
[2026-08-31 20:21:45] 取得 20260818 jo=74 R3 (code=0) → 進捗 75/108件完了
[2026-08-31 20:22:31] 取得 20260818 jo=74 R4 (code=0) → 進捗 76/108件完了
[2026-08-31 20:23:22] 取得 20260818 jo=74 R5 (code=0) → 進捗 77/108件完了
[2026-08-31 20:24:11] 取得 20260818 jo=74 R6 (code=0) → 進捗 78/108件完了
[2026-08-31 20:25:27] 取得 20260818 jo=74 R7 (code=0) → 進捗 79/108件完了
[2026-08-31 20:26:13] 取得 20260818 jo=74 R8 (code=0) → 進捗 80/108件完了
[2026-08-31 20:26:59] 取得 20260818 jo=74 R9 (code=0) → 進捗 81/108件完了
[2026-08-31 20:27:44] 取得 20260818 jo=74 R10 (code=0) → 進捗 82/108件完了
[2026-08-31 20:28:33] 取得 20260818 jo=74 R11 (code=0) → 進捗 83/108件完了
[2026-08-31 20:29:16] 取得 20260818 jo=74 R12 (code=0) → 進捗 84/108件完了
[2026-08-31 20:30:11] 取得 20260818 jo=85 R1 (code=0) → 進捗 85/108件完了
[2026-08-31 20:30:59] 取得 20260818 jo=85 R2 (code=0) → 進捗 86/108件完了
[2026-08-31 20:31:41] 取得 20260818 jo=85 R3 (code=0) → 進捗 87/108件完了
[2026-08-31 20:32:34] 取得 20260818 jo=85 R4 (code=0) → 進捗 88/108件完了
[2026-08-31 20:33:26] 取得 20260818 jo=85 R5 (code=0) → 進捗 89/108件完了
[2026-08-31 20:34:33] 取得 20260818 jo=85 R6 (code=0) → 進捗 90/108件完了
[2026-08-31 20:35:34] 取得 20260818 jo=85 R7 (code=0) → 進捗 91/108件完了
[2026-08-31 20:37:12] 取得 20260818 jo=85 R8 (code=0) → 進捗 92/108件完了
[2026-08-31 20:38:04] 取得 20260818 jo=85 R9 (code=0) → 進捗 93/108件完了
[2026-08-31 20:38:59] 取得 20260818 jo=85 R10 (code=0) → 進捗 94/108件完了
[2026-08-31 20:39:43] 取得 20260818 jo=85 R11 (code=0) → 進捗 95/108件完了
[2026-08-31 20:40:42] 取得 20260818 jo=85 R12 (code=0) → 進捗 96/108件完了
[2026-08-31 20:41:50] 取得 20260818 jo=86 R1 (code=0) → 進捗 97/108件完了
[2026-08-31 20:42:38] 取得 20260818 jo=86 R2 (code=0) → 進捗 98/108件完了
[2026-08-31 20:43:21] 取得 20260818 jo=86 R3 (code=0) → 進捗 99/108件完了
[2026-08-31 20:44:12] 取得 20260818 jo=86 R4 (code=0) → 進捗 100/108件完了
[2026-08-31 20:44:57] 取得 20260818 jo=86 R5 (code=0) → 進捗 101/108件完了
[2026-08-31 20:45:42] 取得 20260818 jo=86 R6 (code=0) → 進捗 102/108件完了
[2026-08-31 20:46:28] 取得 20260818 jo=86 R7 (code=0) → 進捗 103/108件完了
[2026-08-31 20:47:15] 取得 20260818 jo=86 R8 (code=0) → 進捗 104/108件完了
[2026-08-31 20:48:22] 取得 20260818 jo=86 R9 (code=0) → 進捗 105/108件完了
[2026-08-31 20:49:13] 取得 20260818 jo=86 R10 (code=0) → 進捗 106/108件完了
[2026-08-31 20:49:59] 取得 20260818 jo=86 R11 (code=0) → 進捗 107/108件完了
[2026-08-31 20:50:49] 取得 20260818 jo=86 R12 (code=0) → 進捗 108/108件完了
[2026-08-31 20:50:50] ALL JOBS DONE
[2026-09-01 20:06:38] auto_fetch start out=/data/data/com.termux/files/home/Keirin-EV-Tool/scraper/data scraper=/data/data/com.termux/files/home/Keirin-EV-Tool/scraper jobs=84
[2026-09-01 20:06:38] progress done=0/84 pending=84 next=20260817 jo=22 R1
[2026-09-01 20:07:24] 取得 20260817 jo=22 R1 (code=0) → 進捗 1/84件完了
[2026-09-01 20:08:09] 取得 20260817 jo=22 R2 (code=0) → 進捗 2/84件完了
[2026-09-01 20:08:52] 取得 20260817 jo=22 R3 (code=0) → 進捗 3/84件完了
[2026-09-01 20:09:38] 取得 20260817 jo=22 R4 (code=0) → 進捗 4/84件完了
[2026-09-01 20:10:20] 取得 20260817 jo=22 R5 (code=0) → 進捗 5/84件完了
[2026-09-01 20:11:06] 取得 20260817 jo=22 R6 (code=0) → 進捗 6/84件完了
[2026-09-01 20:11:49] 取得 20260817 jo=22 R7 (code=0) → 進捗 7/84件完了
[2026-09-01 20:12:38] 取得 20260817 jo=22 R8 (code=0) → 進捗 8/84件完了
[2026-09-01 20:13:26] 取得 20260817 jo=22 R9 (code=0) → 進捗 9/84件完了
[2026-09-01 20:14:15] 取得 20260817 jo=22 R10 (code=0) → 進捗 10/84件完了
[2026-09-01 20:15:06] 取得 20260817 jo=22 R11 (code=0) → 進捗 11/84件完了
[2026-09-01 20:15:51] 取得 20260817 jo=22 R12 (code=0) → 進捗 12/84件完了
[2026-09-01 20:16:34] 取得 20260817 jo=28 R1 (code=0) → 進捗 13/84件完了
[2026-09-01 20:17:17] 取得 20260817 jo=28 R2 (code=0) → 進捗 14/84件完了
[2026-09-01 20:18:01] 取得 20260817 jo=28 R3 (code=0) → 進捗 15/84件完了
[2026-09-01 20:18:48] 取得 20260817 jo=28 R4 (code=0) → 進捗 16/84件完了
[2026-09-01 20:19:29] 取得 20260817 jo=28 R5 (code=0) → 進捗 17/84件完了
[2026-09-01 20:20:18] 取得 20260817 jo=28 R6 (code=0) → 進捗 18/84件完了
[2026-09-01 20:21:04] 取得 20260817 jo=28 R7 (code=0) → 進捗 19/84件完了
[2026-09-01 20:21:50] 取得 20260817 jo=28 R8 (code=0) → 進捗 20/84件完了
[2026-09-01 20:22:44] 取得 20260817 jo=28 R9 (code=0) → 進捗 21/84件完了
[2026-09-01 20:23:28] 取得 20260817 jo=28 R10 (code=0) → 進捗 22/84件完了
[2026-09-01 20:24:15] 取得 20260817 jo=28 R11 (code=0) → 進捗 23/84件完了
[2026-09-01 20:25:00] 取得 20260817 jo=28 R12 (code=0) → 進捗 24/84件完了
[2026-09-01 20:25:48] 取得 20260817 jo=37 R1 (code=0) → 進捗 25/84件完了
[2026-09-01 20:26:31] 取得 20260817 jo=37 R2 (code=0) → 進捗 26/84件完了
[2026-09-01 20:27:12] 取得 20260817 jo=37 R3 (code=0) → 進捗 27/84件完了
[2026-09-01 20:27:58] 取得 20260817 jo=37 R4 (code=0) → 進捗 28/84件完了
[2026-09-01 20:29:24] 取得 20260817 jo=37 R5 (code=0) → 進捗 29/84件完了
[2026-09-01 20:30:52] 取得 20260817 jo=37 R6 (code=0) → 進捗 30/84件完了
[2026-09-01 20:32:33] 取得 20260817 jo=37 R7 (code=0) → 進捗 31/84件完了
[2026-09-01 20:33:48] 取得 20260817 jo=37 R8 (code=0) → 進捗 32/84件完了
[2026-09-01 20:34:35] 取得 20260817 jo=37 R9 (code=0) → 進捗 33/84件完了
[2026-09-01 20:35:51] 取得 20260817 jo=37 R10 (code=0) → 進捗 34/84件完了
[2026-09-01 20:37:50] 取得 20260817 jo=37 R11 (code=0) → 進捗 35/84件完了
[2026-09-01 20:40:03] 取得 20260817 jo=37 R12 (code=0) → 進捗 36/84件完了
[2026-09-01 20:42:24] 取得 20260817 jo=38 R1 (code=0) → 進捗 37/84件完了
[2026-09-01 20:44:34] 取得 20260817 jo=38 R2 (code=0) → 進捗 38/84件完了
[2026-09-01 20:45:27] 取得 20260817 jo=38 R3 (code=0) → 進捗 39/84件完了
[2026-09-01 20:46:13] 取得 20260817 jo=38 R4 (code=0) → 進捗 40/84件完了
[2026-09-01 20:47:01] 取得 20260817 jo=38 R5 (code=0) → 進捗 41/84件完了
[2026-09-01 20:47:46] 取得 20260817 jo=38 R6 (code=0) → 進捗 42/84件完了
[2026-09-01 20:48:32] 取得 20260817 jo=38 R7 (code=0) → 進捗 43/84件完了
[2026-09-01 20:49:17] 取得 20260817 jo=38 R8 (code=0) → 進捗 44/84件完了
[2026-09-01 20:50:02] 取得 20260817 jo=38 R9 (code=0) → 進捗 45/84件完了
[2026-09-01 20:50:49] 取得 20260817 jo=38 R10 (code=0) → 進捗 46/84件完了
[2026-09-01 20:51:37] 取得 20260817 jo=38 R11 (code=0) → 進捗 47/84件完了
[2026-09-01 20:52:26] 取得 20260817 jo=38 R12 (code=0) → 進捗 48/84件完了
[2026-09-01 20:53:11] 取得 20260817 jo=44 R1 (code=0) → 進捗 49/84件完了
[2026-09-01 20:54:01] 取得 20260817 jo=44 R2 (code=0) → 進捗 50/84件完了
[2026-09-01 20:54:46] 取得 20260817 jo=44 R3 (code=0) → 進捗 51/84件完了
[2026-09-01 20:55:32] 取得 20260817 jo=44 R4 (code=0) → 進捗 52/84件完了
[2026-09-01 20:56:15] 取得 20260817 jo=44 R5 (code=0) → 進捗 53/84件完了
[2026-09-01 20:57:00] 取得 20260817 jo=44 R6 (code=0) → 進捗 54/84件完了
[2026-09-01 20:57:43] 取得 20260817 jo=44 R7 (code=0) → 進捗 55/84件完了
[2026-09-01 20:58:28] 取得 20260817 jo=44 R8 (code=0) → 進捗 56/84件完了
[2026-09-01 20:59:17] 取得 20260817 jo=44 R9 (code=0) → 進捗 57/84件完了
[2026-09-01 21:00:02] 取得 20260817 jo=44 R10 (code=0) → 進捗 58/84件完了
[2026-09-01 21:00:51] 取得 20260817 jo=44 R11 (code=0) → 進捗 59/84件完了
[2026-09-01 21:02:24] 取得 20260817 jo=44 R12 (code=0) → 進捗 60/84件完了
[2026-09-01 21:04:01] 取得 20260817 jo=48 R1 (code=0) → 進捗 61/84件完了
[2026-09-01 21:05:58] 取得 20260817 jo=48 R2 (code=0) → 進捗 62/84件完了
[2026-09-01 21:06:58] 取得 20260817 jo=48 R3 (code=0) → 進捗 63/84件完了
[2026-09-01 21:08:57] 取得 20260817 jo=48 R4 (code=0) → 進捗 64/84件完了
[2026-09-01 21:10:40] 取得 20260817 jo=48 R5 (code=0) → 進捗 65/84件完了
[2026-09-01 21:11:59] 取得 20260817 jo=48 R6 (code=0) → 進捗 66/84件完了
[2026-09-01 21:13:06] 取得 20260817 jo=48 R7 (code=0) → 進捗 67/84件完了
[2026-09-01 21:14:09] 取得 20260817 jo=48 R8 (code=0) → 進捗 68/84件完了
[2026-09-01 21:16:41] 取得 20260817 jo=48 R9 (code=0) → 進捗 69/84件完了
[2026-09-01 21:18:54] 取得 20260817 jo=48 R10 (code=0) → 進捗 70/84件完了
[2026-09-01 21:19:45] 取得 20260817 jo=48 R11 (code=0) → 進捗 71/84件完了
[2026-09-01 21:20:30] 取得 20260817 jo=48 R12 (code=0) → 進捗 72/84件完了
[2026-09-01 21:21:13] 取得 20260817 jo=86 R1 (code=0) → 進捗 73/84件完了
[2026-09-01 21:22:04] 取得 20260817 jo=86 R2 (code=0) → 進捗 74/84件完了
[2026-09-01 21:23:47] 取得 20260817 jo=86 R3 (code=0) → 進捗 75/84件完了
[2026-09-01 21:25:18] 取得 20260817 jo=86 R4 (code=0) → 進捗 76/84件完了
[2026-09-01 21:28:00] 取得 20260817 jo=86 R5 (code=0) → 進捗 77/84件完了
[2026-09-01 21:29:14] 取得 20260817 jo=86 R6 (code=0) → 進捗 78/84件完了
[2026-09-01 21:30:20] 取得 20260817 jo=86 R7 (code=0) → 進捗 79/84件完了
[2026-09-01 21:32:22] 取得 20260817 jo=86 R8 (code=0) → 進捗 80/84件完了
[2026-09-01 21:34:12] 取得 20260817 jo=86 R9 (code=0) → 進捗 81/84件完了
[2026-09-01 21:35:19] 取得 20260817 jo=86 R10 (code=0) → 進捗 82/84件完了
[2026-09-01 21:36:46] 取得 20260817 jo=86 R11 (code=0) → 進捗 83/84件完了
[2026-09-01 21:38:13] 取得 20260817 jo=86 R12 (code=0) → 進捗 84/84件完了
[2026-09-01 21:38:15] ALL JOBS DONE
[2026-09-06 09:42:02] auto_fetch start out=/data/data/com.termux/files/home/Keirin-EV-Tool/scraper/data scraper=/data/data/com.termux/files/home/Keirin-EV-Tool/scraper jobs=72
[2026-09-06 09:42:02] progress done=0/72 pending=72 next=20260906 jo=12 R1
[2026-09-06 09:42:49] 取得 20260906 jo=12 R1 (code=0) → 進捗 1/72件完了
[2026-09-06 09:43:36] 取得 20260906 jo=12 R2 (code=0) → 進捗 2/72件完了
[2026-09-06 09:44:24] 取得 20260906 jo=12 R3 (code=0) → 進捗 3/72件完了
[2026-09-06 09:45:04] interrupted
[2026-09-06 09:48:34] auto_fetch start out=/data/data/com.termux/files/home/Keirin-EV-Tool/scraper/data scraper=/data/data/com.termux/files/home/Keirin-EV-Tool/scraper jobs=72
[2026-09-06 09:48:34] progress done=3/72 pending=69 next=20260906 jo=12 R4
[2026-09-06 09:49:19] 取得 20260906 jo=12 R4 (code=0) → 進捗 4/72件完了
[2026-09-06 09:49:23] interrupted
[2026-09-06 10:09:19] auto_fetch start out=/data/data/com.termux/files/home/Keirin-EV-Tool/scraper/data scraper=/data/data/com.termux/files/home/Keirin-EV-Tool/scraper jobs=72
[2026-09-06 10:09:19] progress done=4/72 pending=68 next=20260906 jo=12 R5
[2026-09-06 10:10:09] 取得 20260906 jo=12 R5 (code=0) → 進捗 5/72件完了
[2026-09-06 10:10:57] 取得 20260906 jo=12 R6 (code=0) → 進捗 6/72件完了
[2026-09-06 10:11:49] 取得 20260906 jo=12 R7 (code=0) → 進捗 7/72件完了
[2026-09-06 10:12:40] 取得 20260906 jo=12 R8 (code=0) → 進捗 8/72件完了
[2026-09-06 10:13:28] 取得 20260906 jo=12 R9 (code=0) → 進捗 9/72件完了
[2026-09-06 10:14:17] 取得 20260906 jo=12 R10 (code=0) → 進捗 10/72件完了
[2026-09-06 10:15:14] 取得 20260906 jo=12 R11 (code=0) → 進捗 11/72件完了
[2026-09-06 10:16:02] 取得 20260906 jo=12 R12 (code=0) → 進捗 12/72件完了
[2026-09-06 10:16:45] 取得 20260906 jo=26 R1 (code=0) → 進捗 13/72件完了
[2026-09-06 10:17:31] 取得 20260906 jo=26 R2 (code=0) → 進捗 14/72件完了
[2026-09-06 10:18:13] 取得 20260906 jo=26 R3 (code=0) → 進捗 15/72件完了
[2026-09-06 10:18:55] 取得 20260906 jo=26 R4 (code=0) → 進捗 16/72件完了
[2026-09-06 10:19:41] 取得 20260906 jo=26 R5 (code=0) → 進捗 17/72件完了
[2026-09-06 10:20:22] 取得 20260906 jo=26 R6 (code=0) → 進捗 18/72件完了
[2026-09-06 10:21:04] 取得 20260906 jo=26 R7 (code=0) → 進捗 19/72件完了
[2026-09-06 10:21:51] 取得 20260906 jo=26 R8 (code=0) → 進捗 20/72件完了
[2026-09-06 10:22:34] 取得 20260906 jo=26 R9 (code=0) → 進捗 21/72件完了
[2026-09-06 10:23:20] 取得 20260906 jo=26 R10 (code=0) → 進捗 22/72件完了
[2026-09-06 10:24:07] 取得 20260906 jo=26 R11 (code=0) → 進捗 23/72件完了
[2026-09-06 10:24:50] 取得 20260906 jo=26 R12 (code=0) → 進捗 24/72件完了
[2026-09-06 10:25:31] 取得 20260906 jo=45 R1 (code=0) → 進捗 25/72件完了
[2026-09-06 10:26:15] 取得 20260906 jo=45 R2 (code=0) → 進捗 26/72件完了
[2026-09-06 10:27:04] 取得 20260906 jo=45 R3 (code=0) → 進捗 27/72件完了
[2026-09-06 10:27:47] 取得 20260906 jo=45 R4 (code=0) → 進捗 28/72件完了
[2026-09-06 10:28:27] 取得 20260906 jo=45 R5 (code=0) → 進捗 29/72件完了
[2026-09-06 10:29:15] 取得 20260906 jo=45 R6 (code=0) → 進捗 30/72件完了
[2026-09-06 10:30:01] 取得 20260906 jo=45 R7 (code=0) → 進捗 31/72件完了
[2026-09-06 10:30:49] 取得 20260906 jo=45 R8 (code=0) → 進捗 32/72件完了
[2026-09-06 10:31:35] 取得 20260906 jo=45 R9 (code=0) → 進捗 33/72件完了
[2026-09-06 10:32:18] 取得 20260906 jo=45 R10 (code=0) → 進捗 34/72件完了
[2026-09-06 10:33:06] 取得 20260906 jo=45 R11 (code=0) → 進捗 35/72件完了
[2026-09-06 10:33:51] 取得 20260906 jo=45 R12 (code=0) → 進捗 36/72件完了
[2026-09-06 10:34:39] 取得 20260906 jo=47 R1 (code=0) → 進捗 37/72件完了
[2026-09-06 10:35:23] 取得 20260906 jo=47 R2 (code=0) → 進捗 38/72件完了
[2026-09-06 10:36:08] 取得 20260906 jo=47 R3 (code=0) → 進捗 39/72件完了
[2026-09-06 10:36:50] 取得 20260906 jo=47 R4 (code=0) → 進捗 40/72件完了
[2026-09-06 10:37:36] 取得 20260906 jo=47 R5 (code=0) → 進捗 41/72件完了
[2026-09-06 10:38:21] 取得 20260906 jo=47 R6 (code=0) → 進捗 42/72件完了
[2026-09-06 10:39:03] 取得 20260906 jo=47 R7 (code=0) → 進捗 43/72件完了
[2026-09-06 10:39:46] 取得 20260906 jo=47 R8 (code=0) → 進捗 44/72件完了
[2026-09-06 10:40:27] 取得 20260906 jo=47 R9 (code=0) → 進捗 45/72件完了
[2026-09-06 10:41:13] 取得 20260906 jo=47 R10 (code=0) → 進捗 46/72件完了
[2026-09-06 10:42:03] 取得 20260906 jo=47 R11 (code=0) → 進捗 47/72件完了
[2026-09-06 10:42:50] 取得 20260906 jo=47 R12 (code=0) → 進捗 48/72件完了
[2026-09-06 10:43:33] 取得 20260906 jo=63 R1 (code=0) → 進捗 49/72件完了
[2026-09-06 10:45:50] 取得 20260906 jo=63 R2 (code=0) → 進捗 50/72件完了
[2026-09-06 10:46:33] 取得 20260906 jo=63 R3 (code=0) → 進捗 51/72件完了
[2026-09-06 10:47:36] 取得 20260906 jo=63 R4 (code=0) → 進捗 52/72件完了
[2026-09-06 10:48:18] 取得 20260906 jo=63 R5 (code=0) → 進捗 53/72件完了
[2026-09-06 10:49:04] 取得 20260906 jo=63 R6 (code=0) → 進捗 54/72件完了
[2026-09-06 10:49:48] 取得 20260906 jo=63 R7 (code=0) → 進捗 55/72件完了
[2026-09-06 10:50:32] 取得 20260906 jo=63 R8 (code=0) → 進捗 56/72件完了
[2026-09-06 10:51:21] 取得 20260906 jo=63 R9 (code=0) → 進捗 57/72件完了
[2026-09-06 10:52:13] 取得 20260906 jo=63 R10 (code=0) → 進捗 58/72件完了
[2026-09-06 10:53:03] 取得 20260906 jo=63 R11 (code=0) → 進捗 59/72件完了
[2026-09-06 10:53:51] 取得 20260906 jo=63 R12 (code=0) → 進捗 60/72件完了
[2026-09-06 10:54:38] 取得 20260906 jo=83 R1 (code=0) → 進捗 61/72件完了
[2026-09-06 10:55:28] 取得 20260906 jo=83 R2 (code=0) → 進捗 62/72件完了
[2026-09-06 10:56:07] 取得 20260906 jo=83 R3 (code=0) → 進捗 63/72件完了
[2026-09-06 10:56:54] 取得 20260906 jo=83 R4 (code=0) → 進捗 64/72件完了
[2026-09-06 10:57:38] 取得 20260906 jo=83 R5 (code=0) → 進捗 65/72件完了
[2026-09-06 10:58:26] 取得 20260906 jo=83 R6 (code=0) → 進捗 66/72件完了
[2026-09-06 10:59:07] 取得 20260906 jo=83 R7 (code=0) → 進捗 67/72件完了
[2026-09-06 10:59:53] 取得 20260906 jo=83 R8 (code=0) → 進捗 68/72件完了
[2026-09-06 11:00:41] 取得 20260906 jo=83 R9 (code=0) → 進捗 69/72件完了
[2026-09-06 11:01:27] 取得 20260906 jo=83 R10 (code=0) → 進捗 70/72件完了
[2026-09-06 11:02:14] 取得 20260906 jo=83 R11 (code=0) → 進捗 71/72件完了
[2026-09-06 11:03:00] 取得 20260906 jo=83 R12 (code=0) → 進捗 72/72件完了
[2026-09-06 11:03:02] ALL JOBS DONE
